{
    "interpreted_query": "ANTHONY",
    "offset": null,
    "page": null,
    "query": "ANTHONY",
    "results": [],
    "timestamp": 1376743219,
    "url": "http://www.facebook.com/search.php?init=srp&sfxp&q=ANTHONY"
}
