{
    "interpreted_query": "\u5f20\u67cf\u829d\u88ab\u72d7\u54ac\u4f24",
    "offset": null,
    "page": null,
    "query": "\u5f20\u67cf\u829d\u88ab\u72d7\u54ac\u4f24",
    "results": [
        {
            "rank": 3,
            "snippet": null,
            "timestamp": 1661090641,
            "title": "<em>\u5f20\u67cf\u829d\u88ab\u72d7\u54ac\u4f24</em>\u6ee1\u8138\u75db\u82e6\u4e0d\u65ad\u5c16\u53eb_<em>\u5f20\u67cf\u829d\u88ab\u72d7\u54ac\u4f24</em>\u6ee1\u8138\u75db\u82e6\u4e0d\u65ad...",
            "url": "https://www.so.com/link?m=bZ8umOm1AnjpeaJ2%2BSUE6jvm%2B6ubKqqgZJghRZLBoK%2FRyOsw7tP5aP57yY%2BjyBAxPc8qtUltv9K7CF0mnO6DCSKlCmfQL%2F9%2FmEM29VsTQCFe2gkIkuggyQWR%2FpqFf9SF%2FYlYR7wmDK272jvMDHYWPWxHYVYeHS58pa6qfKNP8BY8hbc3f8OYQGl0weGi4Jt%2Fv0zU5PBW2gDoazSWv"
        },
        {
            "rank": 4,
            "snippet": null,
            "timestamp": 1661090641,
            "title": "42\u5c81<em>\u5f20\u67cf\u829d\u88ab\u72d7\u54ac\u4f24</em>,\u8eba\u5e8a\u4e0a\u4e00\u8138\u75db\u82e6\u5c16\u53eb\u4e0d\u65ad,\u8116\u5b50\u4e0a\u8fd8\u8d34\u7740\u818f\u836f|\u5f20...",
            "url": "https://www.so.com/link?m=b3HBiDehEiOf22YeoKP5PUbhaCzvExGV9ORPl118CBeHPr4ncEuOjy7FyMLx5%2BKDA6cADSwsHZBSmacWOWF4pgIYHHET69%2BpVomBnSEO9QANcxXMpu1un%2F%2FtL8G%2BAHxVhFO2VXxtfSq74NWXmN%2BRxAgPmQ0jO9UlVAgbC5a7AuVv4VePO6elluZqdMdYxQ5musC%2BOWu2RUSU6ZTZ6NynpEatQTwNs5FFyu9LpjS9Rv%2BU%3D"
        },
        {
            "rank": 5,
            "snippet": null,
            "timestamp": 1661090641,
            "title": "42\u5c81<em>\u5f20\u67cf\u829d\u88ab\u72d7\u54ac\u4f24</em>,\u624b\u6307\u5e03\u6ee1\u54ac\u75d5,\u4e3a\u5565\u4e0d\u653e\u5f03\u517b\u72d7\u7684\u7231\u597d?|\u5f20\u67cf\u829d|...",
            "url": "https://www.so.com/link?m=bZKuIWH3HaqEAIfad1MJYCfqTR3mC15nkJNneJVlz31xxxrX4nJQoI3%2FP%2BRqmtkw70FYNDnp2La6FJMWyU2mrQ98UV72ZuDDL78LtTV3kq%2FCUPU3gwpPGfyl%2FLktE70e4UcdR5LwBlMS%2Fgm7mP7C6e%2FXH%2FGZx12mD9xoFFqA%2FR2tATTraxHYX2yRpThoFG3IKe6ipIB%2BQidcviakM2e2Tw71ShM4Uvl8rGYZMBubVbCs%3D"
        },
        {
            "rank": 6,
            "snippet": null,
            "timestamp": 1661090641,
            "title": "<em>\u5f20\u67cf\u829d\u88ab</em>\u7231\u5ba0<em>\u72d7\u54ac\u4f24</em>,\u9732\u51fa\u75db\u82e6\u7684\u8868\u60c5,\u7f51\u53cb\u8868\u793a\u4e0d\u8981\u8d70\u8427\u4e9a\u8f69\u8001\u8def",
            "url": "https://www.360kuai.com/pc/9f23a1e6fc1a2ee92?cota=3&kuai_so=1&sign=360_57c3bbd1&refer_scene=so_1"
        },
        {
            "rank": 7,
            "snippet": null,
            "timestamp": 1661090641,
            "title": "42\u5c81<em>\u5f20\u67cf\u829d</em>\u6652\u8fd1\u51b5,\u4e0e<em>\u72d7</em>\u540c\u7720\u610f\u5916<em>\u88ab\u54ac\u4f24</em>\u75db\u82e6\u5c16\u53eb,\u6652\u4f24\u52bf\u6ee1\u624b\u54ac\u75d5|\u8c22...",
            "url": "https://www.so.com/link?m=bZaiUAIRzTDB8iSBrblmypcb8LzFVIp%2B9VBdko8pleSGItXjehWU5UBGLg%2BTo%2Fr9Hx9vQOZnHOJOahPiz8gezw36ok%2F9e8gZL%2Bq39nZ7PN%2FzAx51EM1MowPYQK%2BcEUMoR1catxG5kjrlpS4rUOMe%2FaLZ4uaPEjFVaSZ%2BOsoePoLtinjTRwLuJVlSpa%2BGu6Sq9lrKcDVKIOoOLqo3N%2B2v2%2FPV5%2BCngIq%2BNpH8QKSFOXOT4wGDulddWj192O4caQrpN4sL0UFl0haM%3D"
        },
        {
            "rank": 8,
            "snippet": null,
            "timestamp": 1661090641,
            "title": "\u5012\u9709,<em>\u5f20\u67cf\u829d\u88ab</em>\u5ba0\u7269<em>\u72d7\u54ac\u4f24</em>,\u5cb3\u4e91\u9e4f\u5f55\u8282\u76ee\u6254\u98df\u7269\u6012\u65a5\u7c89\u4e1d\u8868\u60c5\u4e25\u8083_...",
            "url": "https://www.so.com/link?m=bzjRY57o8S%2BiB9%2BncKabZDLNo9vtA9AMEoDx175sB5C0R3rqWRZuAItd%2FBRJZSXd%2F57ifW8GDJIbcQqkxpvn3lJ%2BAfjdsoufn7nuCR49cLkJvjMy2wdGyVytE4bD28J5PQY9uoNfq4EkSJNeQRPT7WfwP3zRSD03gkyhlD%2BLvYquWKk%2F7LuqKytOqAziS4YtDwWWJ0iHRlsQStXAFDPqj69VqQSwjh3D5"
        },
        {
            "rank": 9,
            "snippet": null,
            "timestamp": 1661090641,
            "title": "42\u5c81<em>\u5f20\u67cf\u829d</em>\u4e0e<em>\u72d7</em>\u540c\u7720,\u73a9\u800d\u65f6\u610f\u5916<em>\u88ab\u54ac\u4f24</em>,\u8eba\u5e8a\u4e0a\u4e00\u8138\u75db\u82e6\u5c16\u53eb\u4e0d\u65ad",
            "url": "https://www.360kuai.com/pc/956f446b2a662b7a8?cota=3&kuai_so=1&sign=360_57c3bbd1&refer_scene=so_1"
        },
        {
            "rank": 10,
            "snippet": null,
            "timestamp": 1661090641,
            "title": "<em>\u5f20\u67cf\u829d</em>\u8ddf\u5ba0\u7269<em>\u72d7</em>\u73a9\u800d<em>\u88ab\u54ac\u4f24</em>,\u517b\u5ba0\u4eba\u8981\u60f3\u907f\u514d\u53d7\u4f24,\u5b66\u4f1a\u6f14\u6280\u5f88\u5173\u952e|...",
            "url": "https://www.so.com/link?m=bt2kd0z%2Fp6Ld10NLi%2Fft%2BBBFnkec7X%2F2CHZd27V9DKBghdW%2BO3J6Rs%2BSFLc9GCiDTVqHAcbVY0Q3tW9BpRTJPyCif4DHtn1KPAzgPv8ZKm5HUAlJqLRy28pgYcjmTI6bFxPJtDWvUi28KvViaPGV4URQvlBSNQIGcDauusREIILMQnh8Wj16S4g2dkoMxhL8p%2BkzKwruqoe4jNTf2U3gLFI6XUSB3sh5d"
        }
    ],
    "timestamp": 1661090641,
    "url": "https://www.so.com/s?ie=utf-8&src=know_side_nlp_sohot_online_clk&q=%E5%BC%A0%E6%9F%8F%E8%8A%9D%E8%A2%AB%E7%8B%97%E5%92%AC%E4%BC%A4&ob_ext=%7B%22rsv_cq%22%3A%22%5Cu6bdb%5Cu4e0d%5Cu6613%22%2C%22rt%22%3A%22%5Cu5b9e%5Cu65f6%5Cu70ed%5Cu641c%22%2C%22rclken%22%3Anull%7D"
}
