{
    "interpreted_query": "\u8305\u8075\u9a74\u8305\u8061\u8066\u732b\u8079\u8075\u732b\u8078\u8078\u5fd9\u5364",
    "offset": null,
    "page": null,
    "query": "\u8305\u8075\u9a74\u8305\u8061\u8066\u732b\u8079\u8075\u732b\u8078\u8078\u5fd9\u5364",
    "results": [
        {
            "rank": 1,
            "snippet": "\u83bd\u9646\u806d<em>\u5fd9\u8075</em>\u806f\u6c13\u9646\u6f0f\u83bd\u697c\u7bd3  <em>\u5fd9\u8079</em>\u8063<em>\u8305</em>\u805b\u806f\u732b\u7089\u8067\u6c13\u805f\u8d42  <em>\u8305</em>\u805c\u5e90\u83bd\u5e90<em>\u5364</em>\u6c13...\u6c13\u7984\u8064\u6c13\u807a\u8064\u6c13\u9885\u8070<em>\u8305\u8078</em>\u8059\u6c13\u807c\u8068\u8117\u8def\u6c13\u9647\u6402\u6c13\u9885\u5a04<em>\u8305\u8061\u8066</em> -- \u5fd9\u8073\u63b3\u83bd\u6f0f...",
            "timestamp": 1553838201,
            "title": "...\u5fd9\u697c\u5f55\u83bd<em>\u8078\u8075\u732b</em>\u7089\u5a04\u5fd9\u805d\u805f_\u83bd\u9646\u806d<em>\u5fd9\u8075</em>\u806f\u5fd9\u8062<em>\u9a74</em>\u76f2\u6f5e\u6402\u6c13<em>\u8066</em>\u8074\u76f2...",
            "url": "http://www.baidu.com/link?url=zXUQIaDvC9O8sXIfWhwUPbsu1E3rwGowZlvE4LbjZVu6aQIBEYR0MmlueZXO8-CI"
        },
        {
            "rank": 2,
            "snippet": "\u641c\u7d22\uc57c\uc57c\uc57c,<em>\u8061\u8066</em>,<em>\u9a74</em>,<em>\u8305</em>,<em>\u8078</em>,<em>\u8069</em>,<em>\u804d</em>,\u732b,\u5fd9,\u542c,<em>\u5364</em>,\u6b4c\u66f2\u8bd5\u542c,\u514d\u8d39\u4e0b\u8f7d,MP3\u4e0b\u8f7d,\u4f53\u9a8c\u5343\u5343\u97f3\u4e50\u9ad8\u54c1\u8d28\u4eab\u53d7\u3002  \u641c\u7d22\u201c\uc57c\uc57c\uc57c\u201d,\u627e\u5230\u76f8\u5173\u6b4c\u66f2\u51714538\u9996\u3002 ...",
            "timestamp": 1553838201,
            "title": "\uc57c\uc57c\uc57c_\u6b4c\u66f2\u5927\u5168_\u5343\u5343\u97f3\u4e50-\u542c\u89c1\u4e16\u754c",
            "url": "http://www.baidu.com/link?url=lbTWvGAhpiJmDdSU1d3wR_zMOfd6b2-LyB-XSOyFO3yBuyhPDTDN1lE4JHKZHU0uIpmn7Vm9d3mx6CzmamePTgnXhw6m9VzdpflwHLgr5P3"
        },
        {
            "rank": 3,
            "snippet": "\u641c\u7d22\uc815\ud615\ub3c8,<em>\u8061\u8066</em>,<em>\u9a74</em>,<em>\u8305</em>,<em>\u8078</em>,<em>\u8069</em>,<em>\u804d</em>,\u732b,\u5fd9,\u542c,<em>\u5364</em>,\u6b4c\u66f2\u8bd5\u542c,\u514d\u8d39\u4e0b\u8f7d,MP3\u4e0b\u8f7d,\u4f53\u9a8c\u5343\u5343\u97f3\u4e50\u9ad8\u54c1\u8d28\u4eab\u53d7\u3002 \u641c\u7d22\u201c\uc815\ud615\ub3c8\u201d,\u627e\u5230\u76f8\u5173\u6b4c\u66f2\u51713\u9996\u3002 ...",
            "timestamp": 1553838201,
            "title": "\uc815\ud615\ub3c8_\u6b4c\u66f2\u5927\u5168_\u5343\u5343\u97f3\u4e50-\u542c\u89c1\u4e16\u754c",
            "url": "http://www.baidu.com/link?url=EHOySb8HwyEE218DbU_N9etEyFVUDWGeiaPC1NgtYcO5WYkoaPr-5xbgVsuBR79HCb3EGLgOG7IQULe9AsNrnjqvhHBYNbrHFqgFCphwhom"
        },
        {
            "rank": 4,
            "snippet": "\u641c\u7d22\uc0ac\ub791\uc744,<em>\u8061\u8066</em>,<em>\u9a74</em>,<em>\u8305</em>,<em>\u8078</em>,<em>\u8069</em>,<em>\u804d</em>,\u732b,\u5fd9,\u542c,<em>\u5364</em>,\u6b4c\u66f2\u8bd5\u542c,\u514d\u8d39\u4e0b\u8f7d,MP3\u4e0b\u8f7d,\u4f53\u9a8c\u5343\u5343\u97f3\u4e50\u9ad8\u54c1\u8d28\u4eab\u53d7\u3002  \u641c\u7d22\u201c\uc0ac\ub791\uc744\u201d,\u627e\u5230\u76f8\u5173\u6b4c\u66f2\u51711081\u9996\u3002 ...",
            "timestamp": 1553838201,
            "title": "\uc0ac\ub791\uc744_\u6b4c\u66f2\u5927\u5168_\u5343\u5343\u97f3\u4e50-\u542c\u89c1\u4e16\u754c",
            "url": "http://www.baidu.com/link?url=ZX0kxxo77mQWa0rthv0CILxoJtoYW-UYssuXtCLWeCz935pmti_ULQKBkckVY34jyqUIIgBgx4g15xiy0ADaSC1GRHEquzYOMDMT4WFO79_"
        },
        {
            "rank": 5,
            "snippet": "\u6700\u4f73\u7b54\u6848: \u4f60\u6709\u6027\u611f\u6c99\u6ee9zero\u6216\u8005\u540c\u6821\u751f2\u7684\u4e1c\u4e1c\u5417\u66f4\u591a\u5173\u4e8e\u8305\u8075\u9a74\u8305\u8061\u8066\u732b\u8079\u8075\u732b\u8078\u8078\u5fd9\u5364\u7684\u95ee\u9898&gt;&gt;",
            "timestamp": 1553838201,
            "title": "\u732b\u8059\u805b\u83bd\u806a\u8def\u6c13\u9885\u6f0f\u76f2\u9e7f\u8065\u83bd<em>\u8066\u8078\u8305</em>\u622e\u8042<em>\u732b\u9a74\u8061\u5fd9\u5364</em>\u807c\u83bd\u806a\u788c\u6c13\u9646\u5364",
            "url": "http://www.baidu.com/link?url=z34KR9YbpGPYZNlO604zcUkCUlHyKRqAwX2y9cWWJ3XCOfWx27UHqw6ZiSXjfSxWJSyDNWvre4U3-RbFnKm_vHxC_gLxeJrafTlpSL5YzVu"
        },
        {
            "rank": 6,
            "snippet": "\u5fd9\u805d\u8064\u83bd\u8068\u63b3\u5fd9\u8074 \u732b\u95fb\u806d\u83bd\u864f\u964b<em>\u8305</em>\u807a\u806e\u8302\u5f55\u8066\u6c13\u63b3\u5f55\u83bd\u8068<em>\u8078</em>\u83bd\u804c\u95fb<em>\u732b\u8061</em>\u964b\u6c13...\u5784\u8302\u5f55<em>\u8066\u732b\u9a74</em>\u8042\u6c13\u63b3<em>\u5364\u5fd9\u8069</em>\u7089\u76f2\u9646 \u732b\u62e2\u805f<em>\u8305</em>\u8059\u5f55\u83bd\u804c\u95fb\u732b\u788c\u95fb<em>\u5fd9\u804d</em>\u5362\u8302\u5f55\u807c...",
            "timestamp": 1553838201,
            "title": "\u8fd9\u4e2a\u8d31\u5973\u4eba\u5bb3\u8036\u8def\u6492\u51b7\u88ab\u5c60\u57ce\u4e86,\u3010\u50f5\u5c38\u4e16\u754c\u5927\u6218\u5427\u3011_\u767e\u5ea6\u8d34\u5427",
            "url": "http://www.baidu.com/link?url=2DF3sT6hTRlizx9Mqi2jiioLbMSDndc-czVmTDinBNJOoN7jF6pIAPSmYTKIxjud"
        },
        {
            "rank": 7,
            "snippet": "\u641c\u7d22Tamy,<em>\u8061\u8066</em>,<em>\u9a74</em>,<em>\u8305</em>,<em>\u8078</em>,<em>\u8069</em>,<em>\u804d</em>,\u732b,\u5fd9,\u542c,<em>\u5364</em>,\u6b4c\u66f2\u8bd5\u542c,\u514d\u8d39\u4e0b\u8f7d,MP3\u4e0b\u8f7d,\u4f53\u9a8c\u5343\u5343\u97f3\u4e50\u9ad8\u54c1\u8d28\u4eab\u53d7\u3002 ...",
            "timestamp": 1553838201,
            "title": "Tamy_\u6b4c\u66f2\u5927\u5168_\u5343\u5343\u97f3\u4e50-\u542c\u89c1\u4e16\u754c",
            "url": "http://www.baidu.com/link?url=WfIF5O20mRqHTMCHTbMtOusvRzndhHT-btfgSlwDYcGc_iV146g8q0OI-bWDFRGQ"
        },
        {
            "rank": 8,
            "snippet": "\u641c\u7d22\uac00\uc9c0\ub9c8,<em>\u8061\u8066</em>,<em>\u9a74</em>,<em>\u8305</em>,<em>\u8078</em>,<em>\u8069</em>,<em>\u804d</em>,\u732b,\u5fd9,\u542c,<em>\u5364</em>,\u6b4c\u66f2\u8bd5\u542c,\u514d\u8d39\u4e0b\u8f7d,MP3\u4e0b\u8f7d,\u4f53\u9a8c\u5343\u5343\u97f3\u4e50\u9ad8\u54c1\u8d28...",
            "timestamp": 1553838201,
            "title": "\uac00\uc9c0\ub9c8_\u6b4c\u66f2\u5927\u5168_\u5343\u5343\u97f3\u4e50-\u542c\u89c1\u4e16\u754c",
            "url": "http://www.baidu.com/link?url=ImV4SysMCjU-dnsZfNnMJgeTrEm0rQUTcAnrbVzbmiWFzDU-YbANduAerE8w-GPRgS8ppryddjqCQJ0Uket2uIZseeiS3Oj_jucNBaM4W0_"
        },
        {
            "rank": 9,
            "snippet": "\u641c\u7d22\ubc15\ubd04,<em>\u8061\u8066</em>,<em>\u9a74</em>,<em>\u8305</em>,<em>\u8078</em>,<em>\u8069</em>,<em>\u804d</em>,\u732b,\u5fd9,\u542c,<em>\u5364</em>,\u6b4c\u66f2\u8bd5\u542c,\u514d\u8d39\u4e0b\u8f7d,MP3\u4e0b\u8f7d,\u4f53\u9a8c\u5343\u5343\u97f3\u4e50\u9ad8\u54c1\u8d28\u4eab\u53d7\u3002  \u641c\u7d22\u201c\ubc15\ubd04\u201d,\u627e\u5230\u76f8\u5173\u6b4c\u66f2\u517155\u9996\u3002  \u6b4c\u66f2(55...",
            "timestamp": 1553838201,
            "title": "\ubc15\ubd04_\u6b4c\u66f2\u5927\u5168_\u5343\u5343\u97f3\u4e50-\u542c\u89c1\u4e16\u754c",
            "url": "http://www.baidu.com/link?url=ywf3YWANgxizrGb1z1ICpgC-i4uFM-XfaRzJv4FsOo3JyJ3MxsdhovsYWlEF8M527myhwLAvd-4pQKTupWeI1q"
        },
        {
            "rank": 10,
            "snippet": "\u6c13\u805f\u5362\u6c13\u8078\u9885<em>\u8305\u8061\u8066</em>\u8302\u5f55\u8066\u6c13\u697c\u9e7f\u76f2\u8d42\u8059\u76f2\u8d42\u964b\u76f2\u6f5e\u6f5e\u8305\u7984<em>\u8069\u8305</em>\u7984<em>\u8069</em>\u6c13\u807a\u806c\u6c13...\u58f0\u9647\u8305\u805f\u806e\u8305\u697c\u5e90\u6c13\u63b3\u9646\u8302\u5f55\u8066 \u83bd\u8068\u7089\u8305\u9686\u622e\u6c13<em>\u8078\u8078</em>\u6c13\u806d\u7bd3<em>\u732b\u9a74\u8069\u5fd9\u804d</em>\u8063\u76f2...",
            "timestamp": 1553838201,
            "title": "\u90fd\u8bf4\u8bf4\u81ea\u5df1\u53eb\u5565 \u8001\u5f04\u4e0d\u6e05\u8c01\u662f\u8c01,\u3010\u90cf\u53bf\u7b2c\u4e00\u5b9e\u9a8c\u4e2d\u5b66\u5427\u3011_\u767e\u5ea6\u8d34\u5427",
            "url": "http://www.baidu.com/link?url=m-LGi1beQaI5Okh6gUuPoYj-BL1c7kaSTlqWDb7L18FcqxBHEFlSLhMlJbphlaHm"
        }
    ],
    "timestamp": 1553838201,
    "url": "https://www.baidu.com/s?wd=%E8%8C%85%E8%81%B5%E9%A9%B4%E8%8C%85%E8%81%A1%E8%81%A6%E7%8C%AB%E8%81%B9%E8%81%B5%E7%8C%AB%E8%81%B8%E8%81%B8%E5%BF%99%E5%8D%A4&oq=%E8%8C%85%E8%81%B5%E9%A9%B4%E8%8C%85%E8%81%A1%E8%81%A6%E7%8C%AB%E8%81%B9%E8%81%B5%E7%8C%AB%E8%81%B8%E8%81%B8%E5%BF%99%E5%8D%A4&ie=utf-8&rsv_pq=ce502b7c00017f4e&rsv_t=429fdL0VhHNPGYvy2nJwvedkWEHrVvYOK1YdtSoHeKxoh77YPXsd%2FA%2FeSOo&rqlang=cn&nojs=1&bqid=ce502b7c00017f4e"
}
