{
    "interpreted_query": null,
    "offset": null,
    "page": null,
    "query": "massage",
    "results": [
        {
            "rank": 1,
            "snippet": "Dirty talks",
            "timestamp": 1604010948,
            "title": "Eugenelick",
            "url": "https://en.bongacams.com/profile/Eugenelick"
        },
        {
            "rank": 2,
            "snippet": "-(fast cum 111)only 11 to flash and 79 finger ass",
            "timestamp": 1604010948,
            "title": "Juanno69",
            "url": "https://en.bongacams.com/profile/Juanno69"
        },
        {
            "rank": 3,
            "snippet": "welcome new latino bigdick 18 cm bigass muscle dance multicum and much milk for you..........",
            "timestamp": 1604010948,
            "title": "sweetpoisonx",
            "url": "https://en.bongacams.com/profile/sweetpoisonx"
        },
        {
            "rank": 4,
            "snippet": "Thiago-recce-'s chat",
            "timestamp": 1604010948,
            "title": "Thiago-recce-",
            "url": "https://en.bongacams.com/profile/Thiago-recce-"
        },
        {
            "rank": 5,
            "snippet": "Hotstarboy-Dr's chat",
            "timestamp": 1604010948,
            "title": "Hotstarboy-Dr",
            "url": "https://en.bongacams.com/profile/Hotstarboy-Dr"
        },
        {
            "rank": 6,
            "snippet": "#gay #anal #bigcock #couple #ass #lovense  #69  276",
            "timestamp": 1604010948,
            "title": "ryan-chris-",
            "url": "https://en.bongacams.com/profile/ryan-chris-"
        },
        {
            "rank": 7,
            "snippet": "Hi im Tony,  make me cum and be my friend 300 tk for cum #dick #bigcock #athletic",
            "timestamp": 1604010948,
            "title": "Tony20021",
            "url": "https://en.bongacams.com/profile/Tony20021"
        },
        {
            "rank": 8,
            "snippet": "GaelGill's chat",
            "timestamp": 1604010948,
            "title": "GaelGill",
            "url": "https://en.bongacams.com/profile/GaelGill"
        },
        {
            "rank": 9,
            "snippet": "Give me pleasure with your tips!!!",
            "timestamp": 1604010948,
            "title": "badboy-hot21",
            "url": "https://en.bongacams.com/profile/badboy-hot21"
        },
        {
            "rank": 10,
            "snippet": "hi baby!!! cMasturbation + cum  #ebony #latin #ass #bigcock #cum  555 0",
            "timestamp": 1604010948,
            "title": "LiamBlade",
            "url": "https://en.bongacams.com/profile/LiamBlade"
        },
        {
            "rank": 11,
            "snippet": "derricknauj's chat",
            "timestamp": 1604010948,
            "title": "derricknauj",
            "url": "https://en.bongacams.com/profile/derricknauj"
        },
        {
            "rank": 12,
            "snippet": "Welcome! show wax today! i have a 2 anal toys HUSH AND LOVENSE!!! enjoy with me.- Multi-Goal :  ***BIG HORSE CUM*** #Lov",
            "timestamp": 1604010948,
            "title": "JuanCamilo18-",
            "url": "https://en.bongacams.com/profile/JuanCamilo18-"
        },
        {
            "rank": 13,
            "snippet": "HAI EVERYBODY IM DANNY..IM TOO SEXY AND HORNY.. I RATHER THE EXREME SHOWS... WELCOME",
            "timestamp": 1604010948,
            "title": "dannycamsex",
            "url": "https://en.bongacams.com/profile/dannycamsex"
        },
        {
            "rank": 14,
            "snippet": "allenking2's chat",
            "timestamp": 1604010948,
            "title": "allenking2",
            "url": "https://en.bongacams.com/profile/allenking2"
        },
        {
            "rank": 15,
            "snippet": "jhonred1's chat",
            "timestamp": 1604010948,
            "title": "jhonred1",
            "url": "https://en.bongacams.com/profile/jhonred1"
        },
        {
            "rank": 16,
            "snippet": "supercumhot's chat",
            "timestamp": 1604010948,
            "title": "supercumhot",
            "url": "https://en.bongacams.com/profile/supercumhot"
        },
        {
            "rank": 17,
            "snippet": "cutebearxxx's chat",
            "timestamp": 1604010948,
            "title": "cutebearxxx",
            "url": "https://en.bongacams.com/profile/cutebearxxx"
        },
        {
            "rank": 18,
            "snippet": "BOY WITH BIG COCK WANTS TO PLAY WITH YOU",
            "timestamp": 1604010948,
            "title": "jerry-black",
            "url": "https://en.bongacams.com/profile/jerry-black"
        },
        {
            "rank": 19,
            "snippet": "gracias",
            "timestamp": 1604010948,
            "title": "sexboy-2121",
            "url": "https://en.bongacams.com/profile/sexboy-2121"
        },
        {
            "rank": 20,
            "snippet": "Welcome To My Room!!! Lets Have Much Fun Together!!!",
            "timestamp": 1604010948,
            "title": "jamescastillo",
            "url": "https://en.bongacams.com/profile/jamescastillo"
        },
        {
            "rank": 21,
            "snippet": "frankruiz1's chat",
            "timestamp": 1604010948,
            "title": "frankruiz1",
            "url": "https://en.bongacams.com/profile/frankruiz1"
        },
        {
            "rank": 22,
            "snippet": "Split619's chat",
            "timestamp": 1604010948,
            "title": "Split619",
            "url": "https://en.bongacams.com/profile/dydy617"
        },
        {
            "rank": 23,
            "snippet": "noahanderson1's chat",
            "timestamp": 1604010948,
            "title": "noahanderson1",
            "url": "https://en.bongacams.com/profile/noahanderson1"
        },
        {
            "rank": 24,
            "snippet": "499 to cum show, 30 collected, 469 left!",
            "timestamp": 1604010948,
            "title": "Wow-Boy",
            "url": "https://en.bongacams.com/profile/Wow-Boy"
        },
        {
            "rank": 25,
            "snippet": "At first: You must be at least 18 jears old, to watch my site and my profile, when not, please leave immediately! Hi fri",
            "timestamp": 1604010948,
            "title": "Butch0326",
            "url": "https://en.bongacams.com/profile/Butch0326"
        },
        {
            "rank": 26,
            "snippet": "I miss your love as touch",
            "timestamp": 1604010948,
            "title": "Zeus21121",
            "url": "https://en.bongacams.com/profile/Zeus21121"
        },
        {
            "rank": 27,
            "snippet": "Hey guys!:) Goal- #Dance #hot #pvt #c2c #fetish #feet #roleplay Tip to add at friendlist and for requests!",
            "timestamp": 1604010948,
            "title": "DouglasRise",
            "url": "https://en.bongacams.com/profile/DouglasRise"
        },
        {
            "rank": 28,
            "snippet": "Hey guys!:) Goal- #Dance #hot #pvt #c2c #fetish #feet #roleplay Tip to add at friendlist and for requests!",
            "timestamp": 1604010948,
            "title": "MiniBossOh",
            "url": "https://en.bongacams.com/profile/MiniBossOh"
        },
        {
            "rank": 29,
            "snippet": "Your sympathy is expressed in tokens. My attention is drawn to the sound of tokens. My wish Total 22222 Remain 20778)",
            "timestamp": 1604010948,
            "title": "SexPlayIam",
            "url": "https://en.bongacams.com/profile/SexPlayIam"
        },
        {
            "rank": 30,
            "snippet": "Littledick132's chat",
            "timestamp": 1604010948,
            "title": "Littledick132",
            "url": "https://en.bongacams.com/profile/Littledick132"
        },
        {
            "rank": 31,
            "snippet": "MishkaQG's chat",
            "timestamp": 1604010948,
            "title": "MishkaQG",
            "url": "https://en.bongacams.com/profile/MishkaQG"
        },
        {
            "rank": 32,
            "snippet": "Wispord's chat",
            "timestamp": 1604010948,
            "title": "Wispord",
            "url": "https://en.bongacams.com/profile/8Sugar8Stick8"
        },
        {
            "rank": 33,
            "snippet": "CUMSHOW ASS SHOW",
            "timestamp": 1604010948,
            "title": "PRINCEOFSEXE",
            "url": "https://en.bongacams.com/profile/PRINCEOFSEXE"
        },
        {
            "rank": 34,
            "snippet": "CUMSHOW Naked 100tk #Lovense In #Male #ass #cock #cum #new",
            "timestamp": 1604010948,
            "title": "papuink",
            "url": "https://en.bongacams.com/profile/papuink"
        },
        {
            "rank": 35,
            "snippet": "JustZhenya: Only  private chat!!!!",
            "timestamp": 1604010948,
            "title": "JustZhenya",
            "url": "https://en.bongacams.com/profile/FlexibleCock"
        },
        {
            "rank": 36,
            "snippet": "welcome to my room, the house of pleasure jejeje goal: cumshow",
            "timestamp": 1604010948,
            "title": "Andrex97",
            "url": "https://en.bongacams.com/profile/Andrex97"
        },
        {
            "rank": 37,
            "snippet": "MikeMoans's chat",
            "timestamp": 1604010948,
            "title": "MikeMoans",
            "url": "https://en.bongacams.com/profile/MikeMoans"
        },
        {
            "rank": 38,
            "snippet": "My toy reacts to your tips! CUM AT GOAL!",
            "timestamp": 1604010948,
            "title": "styck-sex",
            "url": "https://en.bongacams.com/profile/styck-sex"
        },
        {
            "rank": 39,
            "snippet": "Hey guys!:) Goal- #Dance #hot #pvt #c2c #fetish #feet #roleplay Tip to add at friendlist and for requests!",
            "timestamp": 1604010948,
            "title": "DjMelkiyy",
            "url": "https://en.bongacams.com/profile/DjMelkiyy"
        },
        {
            "rank": 40,
            "snippet": "Hey guys!:) Goal- #Dance #hot #pvt #c2c #fetish #feet #roleplay Tip to add at friendlist and for requests!",
            "timestamp": 1604010948,
            "title": "SerjQbass",
            "url": "https://en.bongacams.com/profile/SerjQbass"
        },
        {
            "rank": 41,
            "snippet": "1000 show rich welcome",
            "timestamp": 1604010948,
            "title": "jacobo-andy",
            "url": "https://en.bongacams.com/profile/jacobo-andy"
        },
        {
            "rank": 42,
            "snippet": "shirtless(5) | without jean(10) | Flash Dick(20) | Show you my Ass(25) | Hard Dick(30) | Jerking(35) | dance your favori",
            "timestamp": 1604010948,
            "title": "DiegoGill",
            "url": "https://en.bongacams.com/profile/DiegoGill"
        },
        {
            "rank": 43,
            "snippet": "I love generous men! and women! I like to humiliate myself ! I'm open to everyone!",
            "timestamp": 1604010948,
            "title": "DanEagle",
            "url": "https://en.bongacams.com/profile/DanEagle"
        },
        {
            "rank": 44,
            "snippet": "Notice: Tip Menu: show chest(30) | show cock(50) | show ass(70) || show asshole(300) | show feet(44) | show pits(25) | s",
            "timestamp": 1604010948,
            "title": "Athlete777",
            "url": "https://en.bongacams.com/profile/Athlete777"
        },
        {
            "rank": 45,
            "snippet": "Big muscular black man with big cock for a great show of push-ups and masturbation as motivation of 20 tokens and for a",
            "timestamp": 1604010948,
            "title": "wilder1993",
            "url": "https://en.bongacams.com/profile/wilder1993"
        },
        {
            "rank": 46,
            "snippet": "I want to masturbate! \u2666What is your fetish?\u2666We will to pvt\u2666 CUM AT GOAL",
            "timestamp": 1604010948,
            "title": "santiverano",
            "url": "https://en.bongacams.com/profile/santiverano"
        },
        {
            "rank": 47,
            "snippet": "touch nipples--------25 tokens   show dick--------40 tokens show ass--------45 tokens   10 ass spanks--------50 tokens",
            "timestamp": 1604010948,
            "title": "Big-Ninja",
            "url": "https://en.bongacams.com/profile/Big-Ninja"
        },
        {
            "rank": 48,
            "snippet": "Taylor-Thiago's chat",
            "timestamp": 1604010948,
            "title": "Taylor-Thiago",
            "url": "https://en.bongacams.com/profile/Taylor-Thiago"
        },
        {
            "rank": 49,
            "snippet": "Off228's chat",
            "timestamp": 1604010948,
            "title": "Off228",
            "url": "https://en.bongacams.com/profile/Off228"
        },
        {
            "rank": 50,
            "snippet": "Armagedon1234's chat",
            "timestamp": 1604010948,
            "title": "Armagedon1234",
            "url": "https://en.bongacams.com/profile/Armagidon1234"
        },
        {
            "rank": 51,
            "snippet": "Chelsea7771's chat",
            "timestamp": 1604010948,
            "title": "Chelsea7771",
            "url": "https://en.bongacams.com/profile/Chelsea7771"
        },
        {
            "rank": 52,
            "snippet": "EdwinBull's chat",
            "timestamp": 1604010948,
            "title": "EdwinBull",
            "url": "https://en.bongacams.com/profile/EdwinBull"
        },
        {
            "rank": 53,
            "snippet": "[none] \u043e\u0441\u0442\u0430\u043b\u043e\u0441\u044c \u0447\u0442\u043e \u0431\u044b \u043a\u043e\u043d\u0447\u0438\u0442\u044c",
            "timestamp": 1604010948,
            "title": "CoupleMEN",
            "url": "https://en.bongacams.com/profile/Gay-Dog26"
        },
        {
            "rank": 54,
            "snippet": "Ladies only!",
            "timestamp": 1604010948,
            "title": "plastikpork1",
            "url": "https://en.bongacams.com/profile/plastikpork1"
        },
        {
            "rank": 55,
            "snippet": "Sex 150 suck 50",
            "timestamp": 1604010948,
            "title": "Zigolo69",
            "url": "https://en.bongacams.com/profile/Zigolo69"
        },
        {
            "rank": 56,
            "snippet": "Hey guys!:) Goal- #Dance #hot #pvt #c2c #fetish #feet #roleplay Tip to add at friendlist and for requests!",
            "timestamp": 1604010948,
            "title": "NatureJspace",
            "url": "https://en.bongacams.com/profile/NatureJspace"
        }
    ],
    "timestamp": 1604010948,
    "url": "https://en.bongacams.com/male/tags/massage"
}
