{
    "interpreted_query": "\uc911\uac04\uace0\uc0ac\uacf5\ubd80",
    "offset": null,
    "page": null,
    "query": "\uc911\uac04\uace0\uc0ac\uacf5\ubd80",
    "results": [
        {
            "rank": 1,
            "snippet": "(\ub9ac\ub529\uc758 \uc5ed\ud6a8\uacfc=\ud589\uc2dc \uacf5\ubd80\uac00 \uc990\uac70\uc6cc\uc9d0) (\uc77c\ub2e8 \uc624\ub298\uc740 \uc219\uba74\uc744 \uc880...) #\ub300\ud559\uc0dd\uacf5\ubd80 #\ub300\ud559\uc0dd\uc2dc\ud5d8\uae30\uac04 #\ub300\ud559\uc0dd\uc911\uac04\uace0\uc0ac #\ub300\ud559\uc0dd\uacfc\uc81c #\ub300\ud559\uc0dd\ud034\uc988 #\uc911\uac04\uace0\uc0ac\uc77c\uc0c1 #<em>\uc911\uac04\uace0\uc0ac</em> #<em>\uacf5\ubd80</em>\ud754\uc801 #\ub300\ud559\uc0dd\uacf5\ubd80\ud754\uc801 #\ub300\ud559\uc0dd\uacf5\ubd80\uc790\uadf9...",
            "timestamp": 1627424756,
            "title": "\uacf5\ubd80\ud754\uc801\u3163\uc5ec\uc720\ub85c\uc6e0\uc9c0\ub9cc \uc5ec\uc720\ub86d\uc9c0 \uc54a\uc558\ub358 4\uc804\uacf5, 2\uad50\uc591\u3163 3\ud559\ub144 <em>\uc911\uac04\uace0\uc0ac \uacf5\ubd80</em>, \ub300\uccb4\uacfc\uc81c, \ud034\uc988\uc900\ube44 \ud754\uc801",
            "url": "https://blog.naver.com/md4060/222338635040"
        },
        {
            "rank": 2,
            "snippet": "\ub2e4\ub4e4 <em>\uc911\uac04\uace0\uc0ac \uacf5\ubd80</em>\uc5d0 \uc9d1\uc911\ud55c\uac83 \uac19\ub2e4. \ub9e4\uc8fc \uc77c\uc694\uc77c\uae4c\uc9c0 \ub0b4\uc57c \ud558\ub294 \ud504\ub85c\uadf8\ub798\ubc0d \uacfc\uc81c\uac00 \uc788\ub294\ub370, \uc774\uac78... \uacfc\uc81c\ub97c \ub0b4\uace0 \ub098\ub2c8 \uc911\uac04\uace0\uc0ac\uae4c\uc9c0 24\uc2dc\uac04 \ub0a8\uc558\ub098?\u314e\u314e \uce5c\uad6c\ub4e4\uc774 \uac19\uc774 \uacf5\ubd80\ud558\uc790\uace0 \ud574\uc11c \uac19\uc774 4\uc778\uc6a9 \ud14c\uc774\ube14\uc5d0 \uc549\uc558\ub294\ub370...",
            "timestamp": 1627424756,
            "title": "<em>\uacf5\ubd80</em> \uc77c\uae30: \uc11d\uc0ac 4%, \ub374\ub9c8\ud06c\uc5d0\uc11c \uccab <em>\uc911\uac04\uace0\uc0ac</em>\ub97c",
            "url": "https://blog.naver.com/coldpaw/221657107632"
        },
        {
            "rank": 3,
            "snippet": "\uc88b\uc544\ud558\ub124\uc694 <em>\uc911\uac04</em><em>\uc911\uac04</em> \ubaa9\uc18c\ub9ac\uac00 \ub192\uc544\uc9c0\uac70\ub098 \ud560 \ub54c\uba74 \ub354 \uc2dc\uc120\uc774 \uac04\ub2e4\uace0 \ud558\uba74\uc11c \ub9d0\uc774\uc5d0\uc694 \ucc38.. \ud2b9\uc774\ud55c \uc544\uc774\uc8e0... \uc2dc\uc791\ub418\ub294 <em>\uc911\uac04\uace0\uc0ac</em> \uc790\uc2e0\uc774 \ub178\ub825\ud574\uc11c <em>\uacf5\ubd80</em>\ud55c \uacfc\ubaa9\ub4e4\uc5d0\uc11c \uacb0\uacfc\ub97c \uc5bb\uace0 \ub2e4\uc2dc \ub3d9\uae30\ub97c \uac00\uc838\uc11c \ub354 \ubc1c\uc804\ud558\ub294 \uc6b0\ub9ac...",
            "timestamp": 1627424756,
            "title": "\uc911\ud559\uad502\ud559\ub144 \uc778\uac15! <em>\uacf5\ubd80</em> \ubc00\ud06cT\ub85c <em>\uc911\uac04\uace0\uc0ac</em> \ub300\ube44\ud569\ub2c8\ub2e4!",
            "url": "https://blog.naver.com/seheeys1/222332475135"
        },
        {
            "rank": 4,
            "snippet": "<em>\uc911\uac04\uace0\uc0ac</em>\uac00 \uc774\ubc88\uc8fc \uc778\ub370\uc694 \uc9111\uc785\ub2c8\ub2e4. \ub0a8\uc790\uc544\uc774\uc778\ub370... \uad6d\uc5b4\ub4f1 \uc81c\uac00 \ud55c\ubc88 \ucb49 \ud769\uc5b4\uc92c\ub124\uc694... \uadf8\ub7f0\ub2e4\uc74c\uc5d0 \ub2c8\uac00... \uc790\uae30\uc8fc\ub3c4 \ud559\uc2b5\uc73c\ub85c \ud574\uc57c\ud558\ub294\ub370 ... \uc65c \uc815\uc2e0\uc744 \ubabb\ucc28\ub9ac\ub294\uc9c0 \uc90c \uc218\uc5c5\ub54c\ub3c4 \uadf8\ub807\uace0 \u3160\u3160 <em>\uc911\uac04\uace0\uc0ac \uacf5\ubd80</em> \uc5b4\ucc0c\ub4e4 \ud558\uc2dc\ub098\uc694",
            "timestamp": 1627424756,
            "title": "<em>\uc911\uac04\uace0\uc0ac \uacf5\ubd80</em>",
            "url": "https://cafe.naver.com/mathall/2181599"
        },
        {
            "rank": 5,
            "snippet": "\uba3c\uc800 \ud0dc\ube14\ub9bf PC\uac00 \uc788\ub294\ub370\uc694 \ud0dc\ube14\ub9bf PC\uac00 <em>\uacf5\ubd80</em>\ud560 \ub54c \ucc38 \ub3c4\uc6c0 \ub9ce\uc774 \ub418\ub294 \uac83 \uac19\uc544\uc694. \uad50\uc218\ub2d8\ub4e4\uc774 <em>\uc911\uac04\uace0\uc0ac</em>\ub098 \uae30\ub9d0<em>\uace0\uc0ac</em> \ud55c \uc2dc\ud5d8\uc5d0 \ud574\ub2f9\ub418\ub294 PPT \ubc94\uc704\uac00 \uac70\uc758 \uc801\uc73c\uba74 200\ud398\uc774\uc9c0 \ub9ce\uc73c\uba74 \ud55c 400\ud398\uc774\uc9c0 \uc815\ub3c4 \ub418\uae30 \ub54c\ubb38\uc5d0 \uc774\uac70\ub97c \uac01...",
            "timestamp": 1627424756,
            "title": "\uc57d\ub300\uc0dd\uc774 \uc54c\ub824\uc8fc\ub294 <em>\uc911\uac04\uace0\uc0ac \uacf5\ubd80</em>\ubc29\ubc95 | \uc0bc\uc721\ub300\ud559\uad50",
            "url": "https://blog.naver.com/36_univ/222315535068"
        },
        {
            "rank": 6,
            "snippet": "1\ud559\uae30 \uc131\uc801\uc740 <em>\uc911\uac04\uace0\uc0ac</em> \uae30\ub9d0<em>\uace0\uc0ac</em> \ud569\uc0b0\uc774\ub2e4. \ub09c\uc774\ub3c4\ub3c4 \ubb38\uc81c\uc778\ub370 <em>\uc911\uac04\uace0\uc0ac</em>\uac00 \uc26c\uc6b0\uba74 \uae30\ub9d0<em>\uace0\uc0ac</em>\ub294 \uc5b4\ub835\ub2e4.... \uc14b\uc9f8 \uae30\ucd9c\ubb38\uc81c \uc704\uc8fc \ub2ec\ub2ec \uc678\uc6b0\uae30\uc2dd \uc218\ud559<em>\uacf5\ubd80</em>\ubc95 \uc704\ud5d8\ud558\ub2e4. \uac1c\ub150, \uc720\ud615\ubb38\uc81c, \uc2ec\ud654\ubb38\uc81c\ub4f1\uc73c\ub85c \uc218\uc900\ubcc4\ub85c \uc810\uac80\ud574\uc57c\ud55c\ub2e4....",
            "timestamp": 1627424756,
            "title": "\uace01 \uccab <em>\uc911\uac04\uace0\uc0ac</em> \uc218\ud559 <em>\uacf5\ubd80</em>\uc5d0 \ub300\ud55c \ub2e8\uc0c1",
            "url": "https://blog.naver.com/pommath/222283565550"
        },
        {
            "rank": 7,
            "snippet": "\uc81c\uac00 \uc9c0\ub09c \ud559\uae30 <em>\uc911\uac04\uace0\uc0ac</em>\ub294 <em>\uacf5\ubd80</em>\ud558\uace0 \uc2dc\ud5d8\ubcf4\uace0 \uae30\ub9d0<em>\uace0\uc0ac</em>\ub294 \uc218\uc5c5\ub9cc \ub4e3\uace0 \uc2dc\ud5d8\ubcf4\ub2c8 \uac19\uc740 \uc624\ud508 \ubd81 \uc2dc\ud5d8\uc774\uc5b4\ub3c4 \uc810\uc218\ucc28\uc774\uac00 \ub098\ub354\ub77c\uace0\uc694. \uadf8\ub798\uc11c \ucd5c\uc18c \ud55c\ubc88\uc774\ub77c\ub3c4 <em>\uacf5\ubd80</em>\ud558\uace0 \ubcf4\ub824\uace0 \ud558\ub294\ub370 \ubc8c\uc368 \uba58\ubd95\uc774\ub124\uc694. \uac70\uae30\uc5d0...",
            "timestamp": 1627424756,
            "title": "\ud558...\uc815\uc2e0\uc5c6\uc774 \ubc14\uc058\ub124\uc694.. <em>\uc911\uac04\uace0\uc0ac \uacf5\ubd80</em>\ub3c4 \uc548\ud588\uace0..\u315c\u315c",
            "url": "https://cafe.naver.com/20080302/773938"
        },
        {
            "rank": 8,
            "snippet": "\ud55c\ucc3d <em>\uc911\uac04\uace0\uc0ac</em> \uc2dc\ud5d8\uae30\uac04\uc73c\ub85c \uace0\ud1b5\ubc1b\uace0 \uc788\uc744 \uc804\uad6d\uc758 \ubaa8\ub4e0 \ub300\ud559\uc0dd \ub3d9\uc9c0\ub4e4 \ud30c\uc774\ud305~ #\ub300\ud559\uc0dd\uc2dc\ud5d8\uae30\uac04 #\uc2dc\ud5d8\uae30\uac04\uc77c\uc0c1 #\uc2dc\ud5d8\uae30\uac04 #<em>\uacf5\ubd80</em>\ube14\ub85c\uadf8 #<em>\uacf5\ubd80</em>\uc798\ud558\ub294\ubc95 #<em>\uacf5\ubd80</em>\ubc95 #<em>\uacf5\ubd80</em>\uc778\uc99d #<em>\uacf5\ubd80</em>\ud754\uc801 #\uc77c\uc0c1 #\uc77c\uc0c1\ube14\ub85c\uadf8",
            "timestamp": 1627424756,
            "title": "\ub300\ud559\uc0dd <em>\uacf5\ubd80</em>\ube14\ub85c\uadf8 | \uad6d\uc81c\ud1b5\uc0c1\ud559\uacfc 4\ud559\ub144\uc758 <em>\uc911\uac04\uace0\uc0ac</em> \ub300\ube44 \uc2dc\ud5d8<em>\uacf5\ubd80</em> \uc77c\uc0c1",
            "url": "https://blog.naver.com/ggum15832/222122547360"
        },
        {
            "rank": 9,
            "snippet": "\uc911\ud559\uad50\ub54c\ub3c4 \ubc1c\ub4f1\uc5d0 \ubd88\ub5a8\uc5b4\uc838\uc57c \uc164<em>\uacf5\ubd80</em>\ud558\ub294 \uc544\ub4e4.. \uace01\uc774 \ub418\uba74 \ub2ec\ub77c\uc9c8\uc904 \uc54c\uc558\ub294\ub370 \uc5ec\uc804\ud788 \ucc9c\ud558\ud0dc\ud3c9 \uc785\ub2c8\ub2e4.... \uc660\uc9c0 <em>\uc911\uac04\uace0\uc0ac</em> \ubc14\ub2e5\uce60\uac70 \uac19\uc740 \ub290\ub08c\uc774 \ub4dc\ub294\ub370 \uc5b4\uca4c\uc9c0\uc694?\u3160\u3160 \uadf8\ub798\ub3c4 \uc2a4\uc2a4\ub85c \ud560\ub54c\uae4c\uc9c0 \ub46c\uc57c\ud560\uae4c\uc694?",
            "timestamp": 1627424756,
            "title": "<em>\uc911\uac04\uace0\uc0ac \uacf5\ubd80</em>",
            "url": "https://cafe.naver.com/mathall/2170064"
        },
        {
            "rank": 10,
            "snippet": "\ubc14\ub85c 2\ud559\uae30 <em>\uc911\uac04\uace0\uc0ac \uacf5\ubd80</em>\ubc95\uc5d0 \ub300\ud574 \uc54c\uc544\ubcfc\uac8c\uc694! \uba3c\uc800 2\ud559\uae30 \uc911\uac04\uace0\uc0ac\ub97c \ubcf8\uaca9\uc801\uc73c\ub85c \uc900\ube44\ud558\uae30 \uc804\uc5d0, \uaf2d \ud574\uc57c... 3\uc8fc \uc815\ub3c4 \ub0a8\uc558\uc744 \ub54c \uc804\ubc18\uc801\uc778 \uacc4\ud68d\uc744 \uc138\uc6b0\uace0, \uacf5\ubd80\ud560 \uad50\uc7ac\ub098 \ud480\uc5b4\ubcfc \ubb38\uc81c\uc9d1\uc758 \uc591\uc744 \ub300\ucda9 \uc9d0\uc791\ud574\ub450\uc138\uc694. \uacc4\ud68d\uc744...",
            "timestamp": 1627424756,
            "title": "2\ud559\uae30 <em>\uc911\uac04\uace0\uc0ac</em>, \uc774\ub807\uac8c <em>\uacf5\ubd80</em>\ud558\uc790!",
            "url": "https://blog.naver.com/sinsagobooks/221650509837"
        },
        {
            "rank": 11,
            "snippet": "\uc9113 <em>\uc911\uac04\uace0\uc0ac</em>\ub3c4 \uc548\ubcf8\ub2e4\uace0 \ud558\ub2c8 <em>\uacf5\ubd80</em>\ub97c \uc5b4\ub5bb\uac8c \uc2dc\ud0a4\uba74 \uc88b\uc744\uc9c0 \uc5b4\ub5bb\uac8c\ub4e4 <em>\uacf5\ubd80</em> \uc2dc\ud0a4\uace0 \uacc4\uc2e0\uac00\uc694? \ub178\ub294\uac8c \uc2b5\uad00\ucc98\ub7fc \ub180\uace0 \uc788\uc73c\ub2c8 \ub2e4\uc2dc \uc2b5\uad00\uc744 \uc7a1\uc544\uc918\uc57c \ud560 \uac83 \uac19\uc740\ub370 \uc2dc\ud5d8\ubcf8\ub2e4\ub294 \uba85\ubd84\uc774\ub77c\ub3c4 \uc788\uc73c\uba74 \uc88b\uc73c\ub828\ub9cc \uadf8\ub0e5 \uc601...",
            "timestamp": 1627424756,
            "title": "<em>\uc911\uac04\uace0\uc0ac</em> \uc5c6\ub294 \uc9113\ub4e4 <em>\uacf5\ubd80</em> \uc5b4\ub5bb\uac8c\ub4e4 \ud558\uace0 \uacc4\uc2e0\uac00\uc694?",
            "url": "https://cafe.naver.com/kickstudy/926768"
        },
        {
            "rank": 12,
            "snippet": "\ub098\ub9cc\uc758 \uacf5\ubd80\ubc95\uc744 \ub9cc\ub4e4\uc5b4\uac00\ub294 \uacfc\uc815\uc774\uae30\ub3c4\ud55c\ub370 \uc9c4~~~\uc9dc \ub180\uae30\ub9cc\u315c\u315c \uadf8\ub798 \uc2e4\ucef7 \ub180\ub2e4\uac00 \uc2dc\ud5d8\uacb0\uacfc\uc5d0 \ud5c8\uac71 \ud558\uace0... \uacf5\uad6c\uc911\u3161 #\uc9112\uc911\uac04\uace0\uc0ac #<em>\uc911\uac04\uace0\uc0ac\uacf5\ubd80</em> #\uc2dc\ud5d8\uacf5\ubd80 #\uc9112\uccab\uc2dc\ud5d8 #\uc544\ub4e4 #\ub108\ub97c\uc99d\uba85\ud574\ubd10 #\ubbff\uc9c0\ub294\uc54a\uc9c0\ub9cc...",
            "timestamp": 1627424756,
            "title": "\uc9112 \ub618\ubc29\uc774, \uc0dd\uc5d0 \uccab <em>\uc911\uac04\uace0\uc0ac \uacf5\ubd80</em>\uc911",
            "url": "https://blog.naver.com/mammamiano1/222328114285"
        },
        {
            "rank": 13,
            "snippet": "\ub3c5\uc77c\uc5b4\ubcf4\ub2e4 \ub354\uc6b1 \ubc1c\ub4f1\uc5d0 \uac00\uae4c\uc6b4 \ubd88\uc774 <em>\uc911\uac04\uace0\uc0ac</em>\ub2e4. \uc774\ubc88\uc8fc \ub0b4\ub0b4 \uc601\uc5b4\uc2b5\ub4dd\ub860 <em>\uacf5\ubd80</em>\ub97c \ud588\ub2e4. \ubd84\ub7c9\uc774 \uc5c4\uccad \ub9ce\uc740 \uac83\ub3c4 \uc544\ub2c8\uace0 \uc5c4\uccad \uc5b4\ub824\uc6b4 \uac83\ub3c4 \uc544\ub2cc\ub370 \ucc38 \uc9c4\ub3c4\uac00 \uc548 \ub098\uac04\ub2e4. \uc624\ub298(\uae08\uc694\uc77c)\uc740 \ud55c 3\ud398\uc774\uc9c0 \uc77d\uace0 \ub17c \ub4ef... \uc2dc\ud5d8<em>\uacf5\ubd80</em>...",
            "timestamp": 1627424756,
            "title": "10\uc6d4 3\uc8fc\uc758 \uacf5\ubd80 \uad00\ub828 \uc8fc\uc800\ub9ac (\ub3c5\uc77c\uc5b4 \ud654\uc0c1\uc218\uc5c5, <em>\uc911\uac04\uace0\uc0ac \uacf5\ubd80</em> \ub108\ubb34 \ud558\uae30 \uc2eb\ub2e4!!)",
            "url": "https://blog.naver.com/solove0518/222117937047"
        },
        {
            "rank": 14,
            "snippet": "\uc800\ubc88 \ubaa8\uc758<em>\uace0\uc0ac</em> \uc131\uc801\ub3c4 \uc798\uc548\ub098\uc624\uace0 \ud558\ub2c8 \ud574\ub3c4 \uc548\ub418\ub294 \uac83 \uac19\ub2e4\uace0 \ub2e4 \ub0b4\ub824\ub193\uace0 \uc2f6\ub2e4\uace0 \ud558\ub124\uc694.. \uc5b4\ucc28\ud53c <em>\uacf5\ubd80</em>\ud574\ub3c4... \uc544\uc9c1 <em>\uc911\uac04\uace0\uc0ac</em> \uc131\uc801\uc774 \ub098\uc628\uac83\ub3c4 \uc544\ub2cc\ub370 \uc131\uc801\uc774 \uc548\ub098\uc62c\uac70\ub77c\uace0 \ubd80\uc815\uc801\uc73c\ub85c \uc0dd\uac01\ud558\uace0 \uc788\uc73c\ub2c8.... \uc81c\uac00 \uc5b4\ub5bb\uac8c...",
            "timestamp": 1627424756,
            "title": "\uc544\uc774\uac00 \uace01 <em>\uc911\uac04\uace0\uc0ac \uacf5\ubd80</em>\ub97c \ud558\uace0 \uc788\ub294\ub370\uc694...",
            "url": "https://cafe.naver.com/mathall/2174178"
        },
        {
            "rank": 15,
            "snippet": "<em>\uc911\uac04\uace0\uc0ac</em> \uc5c6\ub294 \ubd84\ub4e4 \uc9d1\uc5d0\uc11c <em>\uacf5\ubd80</em> \uc5b4\ub5bb\uac8c\ub4e4 \ud558\uace0 \uc788\ub294\uc9c0 \uad81\uae08\ud558\ub124\uc694 \uc5b4\ub5bb\uac8c <em>\uacf5\ubd80</em>\ud560 \uc218 \uc788\ub3c4\ub85d \ub3c4\uc640 \uc8fc\uc5b4\uc57c \ud558\ub294\uc9c0.. <em>\uacf5\ubd80</em> \uc5b4\ub5bb\uac8c\ub4e4 \uc7a1\uc544\uc8fc\uace0 \uacc4\uc2e0\uac00\uc694 \ud558\ub8e8\uc885\uc77c \uc601, \uc218 \ud559\uc6d0 \ub2e4\ub140\uc624\uba74 \uc544\ubb34\uac83\ub3c4 \uc548\ud558\uace0 \ub178\ub294\uac70 \ub354\ub294...",
            "timestamp": 1627424756,
            "title": "\uc9113 <em>\uc911\uac04\uace0\uc0ac</em> \uc5c6\ub294 \ud559\uad50 \uc788\ub098\uc694? \uc2dc\ud5d8\uc774 \uc5c6\uc73c\ub2c8 <em>\uacf5\ubd80</em>\ub97c \ub108\ubb34\ub4e4 \uc548\ud558\ub294\ub370 \uc5b4\ub5bb\uac8c\ub4e4 \ud558\uace0 \uacc4\uc2e0\uac00\uc694?",
            "url": "https://cafe.naver.com/suhui/25278378"
        },
        {
            "rank": 16,
            "snippet": "\uc704\ud574 <em>\uc911\uac04\uace0\uc0ac \uacf5\ubd80</em> \uc798\ud558\ub294 \ubc95\uc744 \uac00\uc838\uc654\uc2b5\ub2c8\ub2e4 \uc218\uc5c5 \uc2dc\uac04\uc5d0 \uc544\ubb34\ub9ac \uc9d1\uc911\ud588\ub2e4 \ud558\ub354\ub77c\ub3c4 \ubc18\ub4dc\uc2dc \ubcf5\uc2b5\uc744 \ud574\uc57c \ub354 \uc624\ub7ab\ub3d9\uc548 \ub0b4\uc6a9\uc744 \uae30\uc5b5\ud560 \uc218 \uc788\ub294\ub370\uc694 \uc815\ud574\uc9c4 \uc911\uac04\uace0\uc0ac \ubc94\uc704\ub97c \uc804\uccb4\uc801\uc73c\ub85c \uacf5\ubd80\ud560 \ub54c, \ud750\ub984\uc744 \ub354 \uc27d\uac8c \uc774\ud574\ud560 \uc218...",
            "timestamp": 1627424756,
            "title": "\ubc9a\uaf43\uc758 \uaf43\ub9d0\uc740 <em>\uc911\uac04\uace0\uc0ac</em>! \uc790\uae30\uc8fc\ub3c4\ud559\uc2b5\uc73c\ub85c <em>\uacf5\ubd80</em> \uc798\ud558\ub294 \ubc95",
            "url": "https://blog.naver.com/myelite1318/222312216374"
        },
        {
            "rank": 17,
            "snippet": "\uc624\ub298\uc740 \uc5bc\ub9c8 \ub0a8\uc9c0 \uc54a\uc740 <em>\uc911\uac04\uace0\uc0ac \uacf5\ubd80</em>\ubc29\ubc95\uc5d0 \ub300\ud574 \uc54c\uc544\ubcf4\ub824\uace0 \ud569\ub2c8\ub2e4. \uc544\ub798 \uae00\uc744 \uc0b4\ud3b4 \ubcfc\uae4c\uc694? \ubcbc\ub77d\uce58\uae30\ub294... \ub420\ub54c\uae4c\uc9c0 \ubc18\ubcf5\ud574\uc57c\ud569\ub2c8\ub2e4. \ubc18\ubcf5\ud559\uc2b5\uc758 \uc911\uc694\uc131 \uc78a\uc9c0\ub9c8\uc138\uc694! \uc5bc\ub9c8\ub0a8\uc9c0 \uc54a\uc740 \uc911\uac04\uace0\uc0ac \ubaa8\ub450\ubaa8\ub450 \ud654\uc774\ud305! \ud798\ub0b4\uc138\uc694!",
            "timestamp": 1627424756,
            "title": "<em>\uc911\uac04\uace0\uc0ac \uacf5\ubd80</em>\ubc29\ubc95!",
            "url": "https://blog.naver.com/hokma343/222307339399"
        },
        {
            "rank": 18,
            "snippet": "\uc8fc\ub9d0\uc54c\ubc14 \ub05d\ub098\uace0 \ubc14\ub85c \ub2ec\ub824\uac00\ub294 \ud559\uc6d0 \uc5ed\uc2dc \uacf5\ubd80\ub294 \ud559\uc6d0\uc5d0\uc11c \ud574\uc57c\ud55c\ub2e4 \ube44\ub300\uba74\uc774 \uc544\ubb34\ub9ac \ud3b8\ud574\ub3c4 \uc9d1\uc911\uc740 \uc5ed\uc2dc \ub300\uba74\uac15\uc758\uac00 \uc9f1\uc774\uc57c \ub0b4\uac00 <em>\uc911\uac04\uace0\uc0ac \uacf5\ubd80</em>\ub97c \uc18c\ud640\ud788 \ud558\ub294 \uac83\ub3c4 \ub2e4 \uc2f8\uac15\ub54c\ubb38\uc774\uc57c \uadf8\ub0e5 \uadf8\ub7f0\uc904 \uc54c\uc544 \uc911\uac04\uace0\uc0ac \uc0ac\ub77c\uc838\uc998",
            "timestamp": 1627424756,
            "title": "<em>\uc911\uac04\uace0\uc0ac \uacf5\ubd80</em>\ud558\uae30 \uc2eb\uc5b4\uc11c \ube14\ub85c\uadf8 \uc4f4\ub2e4",
            "url": "https://blog.naver.com/hannnn05/222324775378"
        },
        {
            "rank": 19,
            "snippet": "\uc774\ubc88 <em>\uc911\uac04\uace0\uc0ac</em> \uc2dc\ud5d8<em>\uacf5\ubd80</em>\ub97c \ud558\uba74\uc11c \uc2a4\ud130\ub514\uce74\ud398\ub3c4 \ub2e4\ub154\ub2e4\uace0 \ud558\ub354\ub77c\uad6c\uc694. \uadf8\ub7fc\uc5d0\ub3c4 \ubd88\uad6c\ud558\uace0 \uc0c1\uc704\uad8c \uc544\uc774\ub4e4\ub3c4 \uacfc\ubaa9\ub9c8\ub2e4 \uc810\uc218 \ub4f1\ub77d\uc774 \uc2ec\ud558\uace0, <em>\uc911\uac04</em> \uc815\ub3c4\uc758 \uc131\uc801\uc744 \uac00\uc84c\ub358 \uc544\uc774\ub4e4 \uc2dc\ud5d8\uc131\uc801\uc774 \ub69d \ub5a8\uc5b4\uc84c\ub2e4\uace0.... <em>\uacf5\ubd80</em>\ubc95\uc5d0...",
            "timestamp": 1627424756,
            "title": "[\uc911\ub4f1\uc778\uac15/\uc0c1\uc704\uad8c<em>\uacf5\ubd80</em>/\uc2a4\ub9c8\ud2b8\uc62c\uc911\ud559/<em>\uc911\uac04\uace0\uc0ac</em>] \uc2a4\ub9c8\ud2b8\uc62c\uc911\ud559 \uafb8\uc900\ud55c \ud559\uc2b5\uc73c\ub85c <em>\uc911\uac04\uace0\uc0ac</em> \uc88b\uc740 \uacb0\uacfc \uc5bb\uc5c8\uc5b4\uc694.",
            "url": "https://blog.naver.com/asislet/222348181487"
        },
        {
            "rank": 20,
            "snippet": "\uc131\uc801\uc744 \uc62c\ub9b4 \uc218 \uc788\ub294 <em>\uc911\uac04\uace0\uc0ac \uacf5\ubd80\ubc95</em>\uc774\ub78d\ub2c8\ub2e4! \ub2e4\uac00\uc624\ub294 <em>\uc911\uac04\uace0\uc0ac</em>, \uad50\uacfc\uc11c \uc2dc\ud5d8\uc9c1\uc804 \uc694\uc57d\ud574 \uc8fc\ub294 EBSi \uac15\uc758\uc640 \ud568\uaed8 \uc131\uc801\uc744 \uc465\uc465 \uc62c\ub824\ubcf4\uc138\uc694! :) \u25bc \uad50\uacfc\uc11c \uc2dc\ud5d8\uc9c1\uc804 \uc694\uc57d - \uace01 \u25bc \u25bc \uad50\uacfc\uc11c \uc2dc\ud5d8\uc9c1\uc804 \uc694\uc57d - \uace02 \u25bc",
            "timestamp": 1627424756,
            "title": "[EBSi \uac15\uc88c] \uc131\uc801 \uc62c\ub9ac\ub294 <em>\uc911\uac04\uace0\uc0ac \uacf5\ubd80\ubc95</em>! EBSi \uad50\uacfc\uc11c \uc2dc\ud5d8\uc9c1\uc804 \uc694\uc57d",
            "url": "https://cafe.naver.com/suhui/25308045"
        },
        {
            "rank": 21,
            "snippet": "(\uc8fc3\ud68c \uc601.\uc218 \ud559\uc6d0 \uc219\uc81c \ud551\uac8c\ub85c \uc544\ubb34\uac83\ub3c4 \uc548\ud568) \ubcf4\ub2e4\ubabb\ud574 \uc794\uc18c\ub9ac \uc880 \ud588\ub354\ub2c8 2\uc8fc\ub0a8\uae30\uace0 <em>\uc911\uac04\uace0\uc0ac \uacf5\ubd80</em>\ub97c... \ubcf4\ub0b4\uace0 <em>\uc911\uac04\uace0\uc0ac</em>\ub97c \uce5c \uccab\ub0a0 \uc9d1\uc5d0\uc640\uc11c \ud558\ub294\ub9d0\uc774 \"\uc5c4\ub9c8 \ub098 \uad6d\uc5b4 \ub9dd\ucce4\uc5b4\uc694 \u3160\u3160\" \uc789~\uc5b4\uca4c\uaca0\uc5b4\uc694. \uc5f4\uc2ec\ud788 <em>\uacf5\ubd80</em>\ud588\ub294\ub370...",
            "timestamp": 1627424756,
            "title": "\uc9112 <em>\uc911\uac04\uace0\uc0ac</em> \uc131\uc801",
            "url": "https://cafe.naver.com/mathall/2195250"
        },
        {
            "rank": 22,
            "snippet": "\uc9d1\uc5d0\uc11c\ub9cc <em>\uacf5\ubd80</em>\ud558\ub2e4 \ubcf4\ub2c8\uae4c \uc9d1\uc911\ub825\uc774 \ub5a8\uc5b4\uc9c8 \uc218 \ubc16\uc5d0 \uc5c6\ub354\ub77c\uad6c\uc694 \uadf8\ub798\uc11c \uc774\ubc88\uc5d0\ub3c4 \uce74\ud398\ub97c \ub9ce\uc774 \uac14\uc2b5\ub2c8\ub2e4! \uc9c4\uc9dc... \uc6b4\ub3d9 \ud558\uace0\ub098\uc11c \uc6d0\uc0f7 \uc544\ub9c8 \uc774 \ub54c\uac00 <em>\uc911\uac04\uace0\uc0ac</em> \ub05d\ub098\uace0 \uc544\uc9c1 \uae30\ub9d0<em>\uace0\uc0ac</em> \ub4e4\uc5b4\uac00\uae30 \uc804\uc5d0 \ud559\uad50 \uc6b4\ub3d9\uc7a5\uac00\uc11c \uc6b4\ub3d9\ud588\uc744...",
            "timestamp": 1627424756,
            "title": "<em>\uc911\uac04\uace0\uc0ac</em> \uc774\ud6c4~\uc885\uac15\uae4c\uc9c0\uc758 \uc77c\uc0c1(\uba39\ubd80\ub9bc / \uc5ec\uc218\uc5ec\ud589 / \uc2dc\ud5d8\uae30\uac04=\uce74\ud398\uc778 \ubb3c\uc57d \ube60\ub294 \uae30\uac04 / \uc774\uc81c \uc5ec\uae30\ub2e4\uac00 <em>\uacf5\ubd80</em>\ub97c...",
            "url": "https://blog.naver.com/alswo3743/222431324208"
        },
        {
            "rank": 23,
            "snippet": "\ubb34\uc57c\ud638~~~ <em>\uc911\uac04\uace0\uc0ac</em>\uac00 \ubaa8\ub450 \ub05d\ub0ac\uc2b5\ub2c8\ub2e4~~~ \uc5c5\ubb34 \ub9c8\uac10\uce58\ub974\uba74\uc11c \uc804\uacf5\uc2dc\ud5d8\uc900\ube44\uae4c\uc9c0 \ud55c \ub098 \uce6d\ucc2c\ud574~~~ \uc774\uc608\uc5d0~~ \uc774... \uc800\ubc88\uc8fc\ub9d0\uc5d0 \uce5c \uc2dc\ud5d8 \uacfc\ubaa9\ub4e4\uc5d0 \ub300\ud574\uc120 '\uc624\ud508\ubd81\uc774\ub77c \ucc38 \ub9c8\uc74c\uc774 \ud3b8\ud558\uad6c\ub098!'\ub77c\uace0 \uc0dd\uac01\ud588\uc5c8\ub294\ub370 \uadf8\uac74 \ub0b4\uac00 <em>\uacf5\ubd80</em>\ub97c...",
            "timestamp": 1627424756,
            "title": "<em>\uc911\uac04\uace0\uc0ac</em> \ub05d! \uc790\ucd95\uc758 \ud06c\ub85c\ud50c (\uc9c1\uc7a5\uc778 <em>\uacf5\ubd80</em>\uc77c\uae30)",
            "url": "https://blog.naver.com/auggaagcc/222322906551"
        },
        {
            "rank": 24,
            "snippet": "\ub098\ub294 \ucd08\ub4f1\ud559\uad50 \ub54c \ubd80\ud130 <em>\uc911\uac04</em>, \uae30\ub9d0<em>\uace0\uc0ac</em>\ub97c \ubd10\uc654\uace0 \uc790\uc720\ud559\ub144\uc81c\ub97c \uc2dc\ud589\ud558\uae30 \uc804\uc5d0 \uc911\ud559\uad50\ub97c \ub2e4\ub154\uae30 \ub54c\ubb38\uc5d0... \uc218\ub2a5 \ubcf4\uace0 \ub098\uc11c\ub294 \ubb34\uacc4\ud68d\uc73c\ub85c \uc0b4\ub2e4\uac00 \uc784\uc6a9 <em>\uacf5\ubd80</em>\ud560 \ub54c\ub3c4 \uacc4\ud68d\ub9cc\ud07c\uc740 \uc5f4\uc2ec\ud788 \uc138\uc6e0\ub358 \uac83 \uac19\ub2e4. \uccab \uc2dc\ud5d8\uc758 \uc911\uc694\uc131..\ub098\ub294...",
            "timestamp": 1627424756,
            "title": "[\ud61c\uc601\uc324 \ud559\uae09\uacbd\uc601] #6 <em>\uc911\uac04\uace0\uc0ac \uacf5\ubd80</em> \uac00\uc774\ub4dc! \ud61c\uc601\uc324\uacfc \ud568\uaed8\ud558\ub294 \uc911\uac04\uace0\uc0ac \uc2a4\ud130\ub514 (1)",
            "url": "https://blog.naver.com/wkdgpdud9720/222292965658"
        },
        {
            "rank": 25,
            "snippet": "3\ud559\ub144\uc740 \uac1c\uac15 \uccab \ub0a0 \ubd80\ud130 \ud480 \uc218\uc5c5 \ub098\uac00\uc6a9 \u314e\u314e <em>\uc911\uac04\uace0\uc0ac</em> \uc804(3\uc6d4)\uc5d0 \ucabd\uc9c0 \uc2dc\ud5d8 2\ubc88, \uae30\ub9d0<em>\uace0\uc0ac</em> \uc804(4\uc6d4)\uc5d0 \ucabd\uc9c0 \uc2dc\ud5d8 2\ubc88 \ucd1d 4\ubc88\uc758 \ucabd\uc9c0 \uc2dc\ud5d8\uc744 \ubcf8\ub2e4\ub294 \ucda9\uaca9\uc801\uc778 \ub9d0\uc744 \ub4e4\uc5c8\ub358 \ub0a0,,, \uac70\uc758 \ubb50 <em>\uc911\uac04</em>/\uae30\ub9d0 \ud3ec\ud568\ud558\uba74 \uc77c\uc8fc\uc77c\uc5d0...",
            "timestamp": 1627424756,
            "title": "[\uac04\ud638\ub300\uc0dd] 3\ud559\ub144 1\ud559\uae30 <em>\uc911\uac04\uace0\uc0ac</em>, <em>\uacf5\ubd80</em>\uae30\ub85d\ub4e4",
            "url": "https://blog.naver.com/attractivejulie/222294708177"
        },
        {
            "rank": 26,
            "snippet": "\uadf8\ub9ac\uace0 \uc5ec\ub7ec\ubd84\uc774 <em>\uacf5\ubd80</em>\ub97c \ud560 \ub54c \uc811\uc18d\uc0ac \ud06c\uae30\ub3c4 \ub2e4\ub974\uac8c \uc368\ubcf4\ub294 \uac83\ub3c4 \uc88b\uc2b5\ub2c8\ub2e4. \uc624\ub298\uc740 \ucda9\ubd81\ubcf4\uac74\uacfc\ud559\ub300\ud559\uad50\uc640 \ud568\uaed8 \uc5ec\ub7ec\ubd84\uc758 <em>\uc911\uac04\uace0\uc0ac</em> \uae30\uac04 \ub3d9\uc548 \ub3c4\uc6c0\uc774 \ub420\ub9cc\ud55c \ud30c\ub780 \ud39c <em>\uacf5\ubd80</em>\ubc95\uc5d0 \ub300\ud574\uc11c \ud55c\ubc88 \uc54c\uc544\ubd24\uc2b5\ub2c8\ub2e4. \uc774\uc81c \uc9c4\uc9dc...",
            "timestamp": 1627424756,
            "title": "\ucf54\uc55e\uc73c\ub85c \ub2e4\uac00\uc628 <em>\uc911\uac04\uace0\uc0ac</em>! \ud30c\ub780 \ud39c <em>\uacf5\ubd80</em>\ubc95\uc73c\ub85c <em>\uacf5\ubd80</em> \ud6a8\uc728 \ubc95\uc744 \ub192\uc774\uc790!",
            "url": "https://blog.naver.com/love_chsu/222308645263"
        },
        {
            "rank": 27,
            "snippet": "\ubb38\uc81c \uc77d\uace0 \uadf8\uac8c \uc5b4\ub5a4 \ubb38\uc81c\uc778\uc9c0 \ub9d0\ud558\ub294\uac83. \uacb0\uad6d \uc774\uac8c \ub3c5\ud574\uc758 \uae30\ubcf8\uc774\uace0 \ubb38\uc81c \ud480\uc774\uc758 \uae30\ubcf8\uc774\ub2e4. \uc774\uac83\uc744 \ube60\ub728\ub9ac\uace0 <em>\uacf5\ubd80</em>\ud558\uba74 \uc808\ub300 \ub178!!! <em>\uc911\uac04\uace0\uc0ac</em>\uc5d0\uc11c \uc88b\uc740 \uacb0\uacfc\ub97c \uae30\uc6d0\ud55c\ub2e4. \uc560\ub4e4\uc544. \ud654\uc774\ud305!!",
            "timestamp": 1627424756,
            "title": "\uc6b4\ub0a8\uace0 <em>\uc911\uac04\uace0\uc0ac \uacf5\ubd80</em>",
            "url": "https://blog.naver.com/mark1536/222337212433"
        },
        {
            "rank": 28,
            "snippet": "\ub9cc\ub4e4\uc5b4\uac00\uba74\uc11c <em>\uacf5\ubd80</em>\ud558\ub294 \uac83\ub3c4 \uc88b\uc2b5\ub2c8\ub2e4. \uad50\uc7ac\uc758 \uc608\ubb38\uc744 \uadf8\ub300\ub85c \uc774\uc6a9\ud558\uc2dc\ub294 \uad50\uc218\ub2d8\uc758 \uacbd\uc6b0, \ub9e4\uc6b0 \ud6a8\uc728\uc801\uc77c \uc218\ub3c4 \uc788\uc2b5\ub2c8\ub2e4. \uc5ec\uae30\uc11c \uc7a0\uae50!!!! 2020\ud559\ub144\ub3c4 \uc218\uc2dc\ubaa8\uc9d1 \uba74\uc811 \ubc0f \uc2e4\uae30<em>\uace0\uc0ac</em> \uc77c\uc815\ub3c4 \uc54c\ub824\ub4dc\ub9bd\ub2c8\ub2e4. <em>\uc911\uac04\uace0\uc0ac</em> \uc900\ube44 \uc798\ud558\uc2dc\uace0...",
            "timestamp": 1627424756,
            "title": "\ucf54 \uc55e\uc73c\ub85c \ub2e4\uac00\uc628 <em>\uc911\uac04\uace0\uc0ac</em>, \uc774\ub807\uac8c <em>\uacf5\ubd80</em>\ud558\uc790!!! \uc720\ud615\ubcc4 <em>\uacf5\ubd80</em>\ubc95",
            "url": "https://blog.naver.com/dongduk_w_univ/221680761031"
        },
        {
            "rank": 29,
            "snippet": "\uc911\uc694\ud55c\uac83\ub9cc <em>\uacf5\ubd80</em>\ud55c \uce5c\uad6c\ub294 \uc778\uc0b0 \ub2f9 \uc5fc\uae30\ub97c \uae30\uc5b5\ud574\uc11c \uc368\uc11c \ub9de\ucd94\uc5c8\uace0 \uc218\uc5c5\uc2dc\uac04 \ud558\ub098\ud558\ub098 \uc138\uc138\ud558\uac8c \ub4e3\uace0... \uc560\ub2c8 <em>\uc911\uac04</em> \uc62c1\ub4f1\uae09 !!!!! \uc641 !!!! \uc774\ubc88\uc5d0 \ud1b5\uc0ac \uc2dc\ud5d8\uc774 \uc26c\uc6e0\ub294\ub370 97 \ub098\uc640\uc11c \uc194\uc9c1\ud788 1\ub4f1\uae09 \uc548\ub098\uc624\uace0 2\ub4f1\uae09 \ub730 \uc904 \uc54c\uc558\ub294\ub370...",
            "timestamp": 1627424756,
            "title": "[\uace01<em>\uacf5\ubd80</em>\ube14\ub85c\uadf8/\uc560\ub2c8] 1\ud559\ub144 1\ud559\uae30 <em>\uc911\uac04\uace0\uc0ac</em> \uc131\uc801\uacf5\uac1c",
            "url": "https://blog.naver.com/anni13/222368492726"
        },
        {
            "rank": 30,
            "snippet": "2\uc8fc\ub4a4 <em>\uc911\uac04\uace0\uc0ac</em>\uc778\ub370 \uc9c0\uae08\ubd80\ud130 <em>\uacf5\ubd80</em>\ud558\uba74 \ub9dd\ud55c\uac78\uae4c\uc694..",
            "timestamp": 1627424756,
            "title": "\ubcf4\ud1b5 <em>\uc911\uac04\uace0\uc0ac \uacf5\ubd80</em>\ub294 \uba87 \uc8fc \uc804\uc5d0 \uc2dc\uc791\ud558\uc2dc\ub098\uc694?",
            "url": "https://cafe.naver.com/goondae/2382683"
        }
    ],
    "timestamp": 1627424756,
    "url": "https://search.naver.com/search.naver?where=view&sm=tab_viw.all&query=%EC%A4%91%EA%B0%84%EA%B3%A0%EC%82%AC%EA%B3%B5%EB%B6%80"
}
