{
    "interpreted_query": "\u0433\u0440\u043e\u0442",
    "offset": null,
    "page": null,
    "query": "\u0433\u0440\u043e\u0442",
    "results": [
        {
            "rank": 1,
            "snippet": null,
            "timestamp": 1353834377,
            "title": "Yunia Grot",
            "url": "http://vk.com:80/id134027667"
        },
        {
            "rank": 2,
            "snippet": null,
            "timestamp": 1353834377,
            "title": "Alexander Grot",
            "url": "http://vk.com:80/aleksandrgroot"
        },
        {
            "rank": 3,
            "snippet": null,
            "timestamp": 1353834377,
            "title": "Alexander Grot",
            "url": "http://vk.com:80/i25_17grot"
        },
        {
            "rank": 4,
            "snippet": null,
            "timestamp": 1353834377,
            "title": "Andrey Grot",
            "url": "http://vk.com:80/andreygrot"
        },
        {
            "rank": 5,
            "snippet": null,
            "timestamp": 1353834377,
            "title": "Ekaterina Grot",
            "url": "http://vk.com:80/id19667355"
        },
        {
            "rank": 6,
            "snippet": null,
            "timestamp": 1353834377,
            "title": "Stas Grot",
            "url": "http://vk.com:80/id187882101"
        },
        {
            "rank": 7,
            "snippet": null,
            "timestamp": 1353834377,
            "title": "Anya Grot",
            "url": "http://vk.com:80/id180466136"
        },
        {
            "rank": 8,
            "snippet": null,
            "timestamp": 1353834377,
            "title": "Stas Grot",
            "url": "http://vk.com:80/id172871223"
        },
        {
            "rank": 9,
            "snippet": null,
            "timestamp": 1353834377,
            "title": "Andrey Grot",
            "url": "http://vk.com:80/id172709074"
        },
        {
            "rank": 10,
            "snippet": null,
            "timestamp": 1353834377,
            "title": "Alexey Grot",
            "url": "http://vk.com:80/id172023390"
        },
        {
            "rank": 11,
            "snippet": null,
            "timestamp": 1353834377,
            "title": "Konstantin Grot",
            "url": "http://vk.com:80/id168666958"
        },
        {
            "rank": 12,
            "snippet": null,
            "timestamp": 1353834377,
            "title": "Polina Grot",
            "url": "http://vk.com:80/id163063754"
        },
        {
            "rank": 13,
            "snippet": null,
            "timestamp": 1353834377,
            "title": "Ksenya Koltysheva-Grot",
            "url": "http://vk.com:80/id156150406"
        },
        {
            "rank": 14,
            "snippet": null,
            "timestamp": 1353834377,
            "title": "Nikita Grot",
            "url": "http://vk.com:80/kaxa163"
        },
        {
            "rank": 15,
            "snippet": null,
            "timestamp": 1353834377,
            "title": "Yanusik Grot",
            "url": "http://vk.com:80/id151076946"
        },
        {
            "rank": 16,
            "snippet": null,
            "timestamp": 1353834377,
            "title": "Den Grot",
            "url": "http://vk.com:80/id149166304"
        },
        {
            "rank": 17,
            "snippet": null,
            "timestamp": 1353834377,
            "title": "Yulia Grot",
            "url": "http://vk.com:80/id146988672"
        },
        {
            "rank": 18,
            "snippet": null,
            "timestamp": 1353834377,
            "title": "Igor Grot",
            "url": "http://vk.com:80/id146787706"
        },
        {
            "rank": 19,
            "snippet": null,
            "timestamp": 1353834377,
            "title": "Kirill Grot",
            "url": "http://vk.com:80/id146261886"
        },
        {
            "rank": 20,
            "snippet": null,
            "timestamp": 1353834377,
            "title": "Alyona Grot",
            "url": "http://vk.com:80/id146258199"
        },
        {
            "rank": 21,
            "snippet": null,
            "timestamp": 1353834377,
            "title": "Yana Berezovskaya",
            "url": "http://vk.com:80/id144781680"
        },
        {
            "rank": 22,
            "snippet": null,
            "timestamp": 1353834377,
            "title": "Mishka Grot",
            "url": "http://vk.com:80/id142045151"
        },
        {
            "rank": 23,
            "snippet": null,
            "timestamp": 1353834377,
            "title": "Olesya Grot",
            "url": "http://vk.com:80/id135205167"
        },
        {
            "rank": 24,
            "snippet": null,
            "timestamp": 1353834377,
            "title": "Maryana Grot",
            "url": "http://vk.com:80/id134536796"
        },
        {
            "rank": 25,
            "snippet": null,
            "timestamp": 1353834377,
            "title": "Alexander Grot",
            "url": "http://vk.com:80/id130206415"
        },
        {
            "rank": 26,
            "snippet": null,
            "timestamp": 1353834377,
            "title": "Ruslan Grot",
            "url": "http://vk.com:80/kiss_kiss_my_ass_bitch"
        },
        {
            "rank": 27,
            "snippet": null,
            "timestamp": 1353834377,
            "title": "Lyuda Grot",
            "url": "http://vk.com:80/id107008633"
        },
        {
            "rank": 28,
            "snippet": null,
            "timestamp": 1353834377,
            "title": "Ineska Grot",
            "url": "http://vk.com:80/id103630018"
        },
        {
            "rank": 29,
            "snippet": null,
            "timestamp": 1353834377,
            "title": "Svetlana Grot",
            "url": "http://vk.com:80/id91692993"
        },
        {
            "rank": 30,
            "snippet": null,
            "timestamp": 1353834377,
            "title": "Alexander Grot",
            "url": "http://vk.com:80/id86707114"
        },
        {
            "rank": 31,
            "snippet": null,
            "timestamp": 1353834377,
            "title": "Grot Chuvakov",
            "url": "http://vk.com:80/id84336601"
        },
        {
            "rank": 32,
            "snippet": null,
            "timestamp": 1353834377,
            "title": "Viktoria Grot",
            "url": "http://vk.com:80/id84189999"
        },
        {
            "rank": 33,
            "snippet": null,
            "timestamp": 1353834377,
            "title": "Andrey Grot",
            "url": "http://vk.com:80/vlz.trezviycity"
        },
        {
            "rank": 34,
            "snippet": null,
            "timestamp": 1353834377,
            "title": "Ilya Grot",
            "url": "http://vk.com:80/id.ilja"
        },
        {
            "rank": 35,
            "snippet": null,
            "timestamp": 1353834377,
            "title": "Ulyana Oleynikova",
            "url": "http://vk.com:80/id33708238"
        },
        {
            "rank": 36,
            "snippet": null,
            "timestamp": 1353834377,
            "title": "Alexandra Grot",
            "url": "http://vk.com:80/id12984568"
        },
        {
            "rank": 37,
            "snippet": null,
            "timestamp": 1353834377,
            "title": "Inga Grot",
            "url": "http://vk.com:80/id4597982"
        },
        {
            "rank": 38,
            "snippet": null,
            "timestamp": 1353834377,
            "title": "Alexey Grot",
            "url": "http://vk.com:80/id4224728"
        },
        {
            "rank": 39,
            "snippet": null,
            "timestamp": 1353834377,
            "title": "Nadezhda Grot",
            "url": "http://vk.com:80/id61780787"
        },
        {
            "rank": 40,
            "snippet": null,
            "timestamp": 1353834377,
            "title": "Lili Grot",
            "url": "http://vk.com:80/id15183403"
        }
    ],
    "timestamp": 1353834377,
    "url": "http://vk.com:80/search?c%5Bq%5D=%D0%B3%D1%80%D0%BE%D1%82&c%5Bsection%5D=auto"
}
