{
    "interpreted_query": "prob",
    "offset": null,
    "page": null,
    "query": "prob",
    "results": [
        {
            "rank": 1,
            "snippet": "\u897f\u53ef\u65e9\u719f\u79be\uff08\u5b78\u540d\uff1aPoa sichotensis\uff09\u70ba\u79be\u672c\u79d1\u65e9\u719f\u79be\u5c6c\u4e0b\u7684\u4e00\u500b\u7a2e\u3002 \u897f\u53ef\u65e9\u719f\u79be Poa sichotensis\u00a0Prob.. \u4e2d\u570b\u690d\u7269\u7269\u7a2e\u540d\u9304\uff08CPNI\uff09. \u4e2d\u570b\u690d\u7269\u7269\u7a2e\u4fe1\u606f\u8cc7\u6599\u5eab. [2013-1-18]. \uff08\u539f\u59cb\u5167\u5bb9\u5b58\u6a94\u65bc2016-03-05\uff09.\u00a0 \u8acb\u6aa2\u67e5|access-date=\u4e2d\u7684\u65e5\u671f\u503c",
            "timestamp": 1543207125,
            "title": "\u897f\u53ef\u65e9\u719f\u79be",
            "url": "https://zh.wikipedia.org/wiki/%E8%A5%BF%E5%8F%AF%E6%97%A9%E7%86%9F%E7%A6%BE"
        },
        {
            "rank": 2,
            "snippet": "\u57c3\u723e\u7c73\u7279\u591a\u9805\u5f0f\u6709\u5169\u7a2e\u5e38\u898b\u5b9a\u7fa9\u3002 \u7b2c\u4e00\u7a2e\u662f\u6a5f\u7387\u8ad6\u4e2d\u8f03\u70ba\u5e38\u7528\u7684\u5f62\u5f0f\uff08\u53c8\u8a18\u4f5c\uff1a H n p r o b ( x ) {\\displaystyle H_{n}^{\\mathrm {prob} }(x)} \uff09\uff1a ( 1 ) \u00a0 \u00a0 H n ( x ) = ( \u2212 1 ) n e x 2 / 2 d n d x n e \u2212 x 2 / 2",
            "timestamp": 1543207125,
            "title": "\u57c3\u723e\u7c73\u7279\u591a\u9805\u5f0f",
            "url": "https://zh.wikipedia.org/wiki/%E5%9F%83%E5%B0%94%E7%B1%B3%E7%89%B9%E5%A4%9A%E9%A1%B9%E5%BC%8F"
        },
        {
            "rank": 3,
            "snippet": "\u8868\u793a\u670d\u52d9\u88ab\u5360\u7528\u7684\u5e73\u5747\u6a5f\u7387 \u5e73\u7a69\u904e\u7a0b\u5728\u72c0\u614bi\uff08\u300ci\u300d\u500b\u7e3d\u4eba\u6578\uff0c\u5305\u62ec\u6b63\u5728\u88ab\u670d\u52d9\u7684\uff09\u7684\u6a5f\u7387\u70ba Prob ( q = i ) = \u03c0 i = ( 1 \u2212 \u03c1 ) \u03c1 i . {\\displaystyle {\\mbox{Prob}}(q=i)=\\pi _{i}=(1-\\rho )\\rho ^{i}.\\,} \u7531\u6b64\uff0c\u53ef\u7d66\u51fa\u5404\u6e2c\u91cf\u6578\u503c\u7684\u516c\u5f0f\uff1a",
            "timestamp": 1543207125,
            "title": "M/M/1",
            "url": "https://zh.wikipedia.org/wiki/M/M/1"
        },
        {
            "rank": 4,
            "snippet": "\u7cd9\u65e9\u719f\u79be\uff08\u5b78\u540d\uff1aPoa raduliformis\uff09\uff0c\u70ba\u79be\u672c\u79d1\u65e9\u719f\u79be\u5c6c\u4e0b\u7684\u4e00\u500b\u690d\u7269\u7a2e\u3002 \u7cd9\u65e9\u719f\u79be Poa raduliformis Prob.. \u4e2d\u570b\u690d\u7269\u7269\u7a2e\u4fe1\u606f\u8cc7\u6599\u5eab. [2013-01-15].",
            "timestamp": 1543207125,
            "title": "\u7cd9\u65e9\u719f\u79be",
            "url": "https://zh.wikipedia.org/wiki/%E7%B3%99%E6%97%A9%E7%86%9F%E7%A6%BE"
        },
        {
            "rank": 5,
            "snippet": "\u751f\u65e5\u6096\u8ad6\u53ef\u4ee5\u7528\u8a08\u7b97\u6a5f\u4ee3\u78bc\u7d93\u9a57\u6027\u6a21\u64ec days := 365; numPeople := 1; prob := 0.0; while prob &lt; 0.5 begin numPeople := numPeople + 1; prob := 1 -((1-prob)*(days-(numPeople-1)) / days); print",
            "timestamp": 1543207125,
            "title": "\u751f\u65e5\u554f\u984c",
            "url": "https://zh.wikipedia.org/wiki/%E7%94%9F%E6%97%A5%E5%95%8F%E9%A1%8C"
        },
        {
            "rank": 6,
            "snippet": "printing? printing of [19]90?] 1978 &amp; 1990 (prob. all content except New Intergalactic Introduction 1978 &amp; prob. New Intergalactic Introduction 1990) (ISBN",
            "timestamp": 1543207125,
            "title": "\u746a\u9e97\u00b7\u6234\u8389",
            "url": "https://zh.wikipedia.org/wiki/%E7%91%AA%E9%BA%97%C2%B7%E6%88%B4%E8%8E%89"
        },
        {
            "rank": 7,
            "snippet": "Timasheva, I. Ye., The possible environmental impact of the anti-Irtysh and problems of rational nature management, Soviet Geography, 1980, 21 (10), doi:10",
            "timestamp": 1543207125,
            "title": "\u984d\u723e\u9f4a\u65af\u6cb3",
            "url": "https://zh.wikipedia.org/wiki/%E9%A2%9D%E5%B0%94%E9%BD%90%E6%96%AF%E6%B2%B3"
        },
        {
            "rank": 8,
            "snippet": "a daughter of the king of Vi\u015b\u0101l\u0101 Lit. MBh. \u0935\u093f\u0936\u093e\u0932 vi\u015b\u0101la vi\u015b\u0101l\u00e1 m. f. n. (prob. fr. \u221avi\u015b; accord. to others , fr. [ vi-\u221a\u015b\u1e5b ] ) spacious, extensive, broad",
            "timestamp": 1543207125,
            "title": "\u6bd8\u820d\u96e2",
            "url": "https://zh.wikipedia.org/wiki/%E6%AF%98%E8%88%8D%E9%9B%A2"
        },
        {
            "rank": 9,
            "snippet": "\u55ae\u66f2 # \u55ae\u66f2\u8cc7\u6599 \u66f2\u76ee 1st \u300aTrouble\u300b \u767c\u884c\u65e5\u671f\uff1a2017\u5e745\u670824\u65e5 \u767c\u884c\u516c\u53f8\uff1aUrban Works \u5531\u7247\u516c\u53f8\uff1aLOEN Entertainment \u8a9e\u8a00\uff1a\u97d3\u8a9e \u898f\u683c: \u6578\u4f4d\u97f3\u6a02\u4e0b\u8f09 \u66f2\u76ee\u00a0 \ub108\uc600\uc73c\uba74 \ud574 (\u5e0c\u671b\u662f\u4f60\uff09\uff08feat. \u9f8d\u4fca\u4ea8\uff09 Trouble\uff08prob. \u9f8d\u4fca\u4ea8\uff09",
            "timestamp": 1543207125,
            "title": "Kriesha Chu (\u97d3\u570b\u6b4c\u624b)",
            "url": "https://zh.wikipedia.org/wiki/Kriesha_Chu_(%E9%9F%93%E5%9C%8B%E6%AD%8C%E6%89%8B)"
        },
        {
            "rank": 10,
            "snippet": "\u53c8\u91cd\u8907\u4e86\u9019\u6a23\u7684\u5faa\u74b0\u3002\u7136\u800c\uff0c\u4f5c\u70ba\u7403\u968a\u6700\u7a69\u5b9a\u53c3\u52a0\u7684\u7d1a\u5225\uff08\u5df2\u5ea6\u904e11\u500b\u8cfd\u5b63\uff09\uff0c\u7b2c\u4e8c\u7c43\u7403\u806f\u90a6\u806f\u8cfd\u65bc2007\u5e74\u88ab\u65b0\u6210\u7acb\u7684ProA\uff08\u5fb7\u8a9e\uff1aProA\uff09\u548cProB\uff08\u5fb7\u8a9e\uff1aProB\uff09\u5169\u6a94\u806f\u8cfd\u6240\u53d6\u4ee3\u3002\u81ea2005\u5e74\u964d\u7d1a\u5f8c\uff0c\u7403\u968a\u5728\u6771\u5357\u5730\u5340\u806f\u8cfd\u4ee5\u50c5\u8f38\u4e00\u5834\u7684\u6210\u7e3e\u5360\u64da\u7a4d\u5206\u699c\u9996\uff0c\u537b\u7531\u65bc\u7f3a\u4e4f\u6bcd\u4ff1\u6a02\u90e8\u7684\u652f\u6301\u800c\u672a\u80fd\u5be6\u73fe\u5347\u7d1a\u3002",
            "timestamp": 1543207125,
            "title": "\u62dc\u4ec1\u6155\u5c3c\u9ed1 (\u7c43\u7403)",
            "url": "https://zh.wikipedia.org/wiki/%E6%8B%9C%E4%BB%81%E6%85%95%E5%B0%BC%E9%BB%91_(%E7%AF%AE%E7%90%83)"
        },
        {
            "rank": 11,
            "snippet": "L.; Wollack, E.; Wright, E. L. Seven-Year Wilkinson Microwave Anisotropy Probe (WMAP) Observations: Cosmological Interpretation. The Astrophysical Journal",
            "timestamp": 1543207125,
            "title": "\u5b87\u5b99\u66b4\u8139",
            "url": "https://zh.wikipedia.org/wiki/%E5%AE%87%E5%AE%99%E6%9A%B4%E8%84%B9"
        },
        {
            "rank": 12,
            "snippet": "Name Monsta X\uff0cDeja Vu \u5f35\u6587\u798f\u3001\u6210\u8ce2\u5b87\uff0c\u4e0d\u8981\u5bb3\u6015 \u7530\u5c0f\u5a1f\uff0cJelly Kriesha Chu\uff0cLike Paradaise\uff08Prob. Flow Blow\uff09 \u7530\u5c0f\u5a1f\uff0cIdle Song PENTAGON\uff0cShine PRODUCE 48\uff0cIZ*ONE\uff0c\u662f\u6211\u7684 (PICK ME)",
            "timestamp": 1543207125,
            "title": "Flow Blow",
            "url": "https://zh.wikipedia.org/wiki/Flow_Blow"
        },
        {
            "rank": 13,
            "snippet": "Utricularia monophylla Dinter Utricularia parkeri H.Perrier Utricularia sp. prob. U. exilis Oliv. &amp; sp. aff. U. exilis Suess. &amp; Merxm. Utricularia tribracteata",
            "timestamp": 1543207125,
            "title": "\u7802\u77f3\u72f8\u85fb",
            "url": "https://zh.wikipedia.org/wiki/%E7%A0%82%E7%9F%B3%E7%8B%B8%E8%97%BB"
        },
        {
            "rank": 14,
            "snippet": "1993\u00a0. Bruss, F. Thomas, A counterpart of the Borel Cantelli Lemma, J. Appl. Prob., 1980, 17: 1094\u20131101\u00a0. Durrett, Rick. \"Probability: Theory and Examples",
            "timestamp": 1543207125,
            "title": "\u6ce2\u840a\u723e\uff0d\u574e\u6cf0\u5229\u5f15\u7406",
            "url": "https://zh.wikipedia.org/wiki/%E6%B3%A2%E8%8E%B1%E5%B0%94%EF%BC%8D%E5%9D%8E%E6%B3%B0%E5%88%A9%E5%BC%95%E7%90%86"
        },
        {
            "rank": 15,
            "snippet": "{} for y in states: (prob, state) = max([(V[t-1][y0] * trans_p[y0][y] * emit_p[y][obs[t]], y0) for y0 in states]) V[t][y] = prob newpath[y] = path[state]",
            "timestamp": 1543207125,
            "title": "\u7dad\u7279\u6bd4\u7b97\u6cd5",
            "url": "https://zh.wikipedia.org/wiki/%E7%BB%B4%E7%89%B9%E6%AF%94%E7%AE%97%E6%B3%95"
        },
        {
            "rank": 16,
            "snippet": "1998\u5e741\u6708\uff0c\u52a0\u5165\u4e26\u8abf\u8a66\u4e86\u4e00\u7a2e\u65b0\u578b\u57fa\u65bc\u6a21\u5f0f\uff08pattern-based\uff09\u7684\u4f30\u503c\u51fd\u6578\u3002IOS\u7a4d\u5206\u5347\u81f32300\uff0c\u9ad8\u65bc\u6240\u6709\u4eba\u985e\u68cb\u624b\u3002 1998\u5e743\u6708\uff0c\u901a\u904e\u4f7f\u7528\u591a\u91cd\u6a5f\u7387\u526a\u679d\u7b97\u6cd5\uff08Multi Prob-Cut\uff09\u7b97\u6cd5\uff0c\u4e2d\u5c40\u53ca\u7d42\u5c40\u641c\u7d22\u5927\u5927\u6539\u9032\u3002\u9084\u6e2c\u8a66\u4e86\u6539\u9032\u7684\u958b\u5c40\u5eab\u7b97\u6cd5\u3002 1998\u5e745\u6708\uff0cZebra\u7b2c\u4e00\u6b21\u64ca\u6557\u4e86\u6700\u5f37\u5927\u7684\u9ed1\u767d\u68cb\u7a0b\u5e8fHannibal\u3002\u9019\u6642",
            "timestamp": 1543207125,
            "title": "WZebra",
            "url": "https://zh.wikipedia.org/wiki/WZebra"
        },
        {
            "rank": 17,
            "snippet": "\u7684\u898f\u5247\u81ea\u6b64\u6539\u70ba\u8a08\u51651\u5206\uff0c\u800c\u7372\u52dd\u7403\u968a\u5247\u50cf\u4ee5\u5f80\u4e00\u6a23\u8a08\u51652\u5206\u3002\u7136\u800c\uff0c\u9019\u4e00\u898f\u5247\u7531\u65bc\u53d7\u5230\u5f37\u70c8\u6279\u8a55\u800c\u5728\u4f86\u5b63\u88ab\u518d\u6b21\u53d6\u6d88\u3002\u4f46\u5728ProA\uff08\u5fb7\u8a9e\uff1aProA\uff09\u548cProB\uff08\u5fb7\u8a9e\uff1aProB\uff09\u7d1a\u5225\u4ecd\u7136\u4fdd\u7559\u3002 2016-17\u8cfd\u5b63\u7684\u806f\u90a6\u806f\u8cfd\u9663\u5bb9\u5305\u62ec\u4ee5\u4e0b\u7403\u968a\uff1a \u73ed\u8c9d\u683c\uff08\u5fb7\u8a9e\uff1aBrose Bamberg\uff09 \u62dc\u7f85\u4f0a\u7279\uff08\u5fb7\u8a9e\uff1amedi bayreuth\uff09",
            "timestamp": 1543207125,
            "title": "\u7c43\u7403\u806f\u90a6\u806f\u8cfd",
            "url": "https://zh.wikipedia.org/wiki/%E7%AF%AE%E7%90%83%E8%81%94%E9%82%A6%E8%81%94%E8%B5%9B"
        },
        {
            "rank": 18,
            "snippet": "Shahshahani. The subgroup algorithm for generating uniform random variables. Prob. in Eng. and Info. Sci. 1987, 1: 15\u201332. ISSN\u00a00269-9648.\u00a0 \u5f15\u6587\u4f7f\u7528\u904e\u6642\u53c3\u6578coauthors",
            "timestamp": 1543207125,
            "title": "\u6b63\u4ea4\u77e9\u9663",
            "url": "https://zh.wikipedia.org/wiki/%E6%AD%A3%E4%BA%A4%E7%9F%A9%E9%98%B5"
        },
        {
            "rank": 19,
            "snippet": "\u9375\u3002\u7136\u800c\u6b64\u9375\u5728\u4e00\u4e9b\u6700\u5148\u9032\u7684\u684c\u4e0a\u578b\u6a5f\u7a2e\u4e2d\u537b\u88ab\u96b1\u85cf\u4e86\u3002\u4f8b\u5982\uff1a\u5728 TI-83 \u4e2d\uff0c\u6309 MATH\u3001\u4e09\u6b21\u53f3\u9375\u3001\u518d\u6309\u4e8c\u3002\u5728\u5361\u897f\u6b50\u7684\u5716\u5f62\u8a08\u7b97\u6a5f\u4e2d\uff0c\u6309 OPTN\uff0c\u4e00\u6b21\u53f3\u9375\uff08F6\uff09\u3001PROB\uff08F3\uff09\u3001nPr\uff08F2\uff09\u3002 \u591a\u6578\u8a66\u7b97\u8868\u8edf\u9ad4\u90fd\u6709\u51fd\u5f0f PERMUT(Number\uff0cNumber chosen)\uff0c\u7528\u4ee5\u8a08\u7b97\u7f6e\u63db\u3002Number \u662f\u63cf\u8ff0\u7269\u4ef6\u6578\u91cf\u7684\u4e00\u500b\u6574\u6578\uff0cNumber",
            "timestamp": 1543207125,
            "title": "\u7f6e\u63db",
            "url": "https://zh.wikipedia.org/wiki/%E7%BD%AE%E6%8F%9B"
        },
        {
            "rank": 20,
            "snippet": "1997), 27. Jackson, Kenneth. The Pictish Language. (\u7de8) F.\u00a0T. Wainwright. The Problem of the Picts. Edinburgh: Nelson. 1955: 129\u2013166.\u00a0 Atkinson and Gray[\u9700\u8981\u89e3\u91cb]",
            "timestamp": 1543207125,
            "title": "\u53e4\u5e03\u7acb\u541e\u8a9e",
            "url": "https://zh.wikipedia.org/wiki/%E5%8F%A4%E5%B8%83%E7%AB%8B%E5%90%9E%E8%AA%9E"
        }
    ],
    "timestamp": 1543207125,
    "url": "https://zh.wikipedia.org/w/index.php?search=prob&title=Special%3A%E6%90%9C%E7%B4%A2&profile=default&fulltext=1"
}
