{
    "interpreted_query": "solo",
    "offset": null,
    "page": null,
    "query": "solo",
    "results": [
        {
            "rank": 1,
            "snippet": null,
            "timestamp": 1341894522,
            "title": "The Girl in Black Stockings-Solo Girls -  ...",
            "url": "http://www.xvideos.com/video1747163/the_girl_in_black_stockings-solo_girls_-_naked_girls_-_solo_girls_nude_-_nude_solo_girl"
        },
        {
            "rank": 2,
            "snippet": null,
            "timestamp": 1341894522,
            "title": "Masturabation solo",
            "url": "http://www.xvideos.com/video955531/masturabation_solo"
        },
        {
            "rank": 3,
            "snippet": null,
            "timestamp": 1341894522,
            "title": "Solo act",
            "url": "http://www.xvideos.com/video1226560/solo_act"
        },
        {
            "rank": 4,
            "snippet": null,
            "timestamp": 1341894522,
            "title": "Morpheus Solo",
            "url": "http://www.xvideos.com/video675867/morpheus_solo"
        },
        {
            "rank": 5,
            "snippet": null,
            "timestamp": 1341894522,
            "title": "Solo Webcam Chick",
            "url": "http://www.xvideos.com/video1058383/solo_webcam_chick"
        },
        {
            "rank": 6,
            "snippet": null,
            "timestamp": 1341894522,
            "title": "bbw solo masturbation amateur",
            "url": "http://www.xvideos.com/video1785484/bbw_solo_masturbation_amateur"
        },
        {
            "rank": 16,
            "snippet": null,
            "timestamp": 1341894522,
            "title": "Andie Valentino solo",
            "url": "http://www.xvideos.com/video86327/andie_valentino_solo"
        },
        {
            "rank": 17,
            "snippet": null,
            "timestamp": 1341894522,
            "title": "Hot Sande solo",
            "url": "http://www.xvideos.com/video88729/hot_sande_solo"
        },
        {
            "rank": 18,
            "snippet": null,
            "timestamp": 1341894522,
            "title": "Gorgeous brown girl solo",
            "url": "http://www.xvideos.com/video89184/gorgeous_brown_girl_solo"
        },
        {
            "rank": 19,
            "snippet": null,
            "timestamp": 1341894522,
            "title": "Sexy Blonde Solo in shower",
            "url": "http://www.xvideos.com/video1119073/sexy_blonde_solo_in_shower"
        },
        {
            "rank": 20,
            "snippet": null,
            "timestamp": 1341894522,
            "title": "Hot Blonde Solo in shower",
            "url": "http://www.xvideos.com/video1119075/hot_blonde_solo_in_shower"
        },
        {
            "rank": 21,
            "snippet": null,
            "timestamp": 1341894522,
            "title": "Goth honey solo masturbation",
            "url": "http://www.xvideos.com/video1855238/goth_honey_solo_masturbation"
        },
        {
            "rank": 22,
            "snippet": null,
            "timestamp": 1341894522,
            "title": "indian guy solo fleshlight fuck",
            "url": "http://www.xvideos.com/video1208208/indian_guy_solo_fleshlight_fuck"
        },
        {
            "rank": 23,
            "snippet": null,
            "timestamp": 1341894522,
            "title": "Best solo ever near a chimney",
            "url": "http://www.xvideos.com/video87264/best_solo_ever_near_a_chimney"
        },
        {
            "rank": 24,
            "snippet": null,
            "timestamp": 1341894522,
            "title": "Amazing Brunette Solo webcam show",
            "url": "http://www.xvideos.com/video516518/amazing_brunette_solo_webcam_show"
        },
        {
            "rank": 25,
            "snippet": null,
            "timestamp": 1341894522,
            "title": "Amateur Homemade BBW MILF Mature Solo",
            "url": "http://www.xvideos.com/video1669509/amateur_homemade_bbw_milf_mature_solo"
        },
        {
            "rank": 26,
            "snippet": null,
            "timestamp": 1341894522,
            "title": "Amateur webcam masturbation teen solo hom ...",
            "url": "http://www.xvideos.com/video1693180/amateur_webcam_masturbation_teen_solo_homemade"
        },
        {
            "rank": 27,
            "snippet": null,
            "timestamp": 1341894522,
            "title": "Amateur teen webcam homemade masturbation ...",
            "url": "http://www.xvideos.com/video1693618/amateur_teen_webcam_homemade_masturbation_solo"
        },
        {
            "rank": 28,
            "snippet": null,
            "timestamp": 1341894522,
            "title": "Amateur teen homemade masturbation solo w ...",
            "url": "http://www.xvideos.com/video1696858/amateur_teen_homemade_masturbation_solo_webcam"
        },
        {
            "rank": 29,
            "snippet": null,
            "timestamp": 1341894522,
            "title": "Amateur Teen Masturbation Solo Webcam Hom ...",
            "url": "http://www.xvideos.com/video1697114/amateur_teen_masturbation_solo_webcam_homemade"
        },
        {
            "rank": 30,
            "snippet": null,
            "timestamp": 1341894522,
            "title": "Amateur teen masturbation webcam dildo solo",
            "url": "http://www.xvideos.com/video1697200/amateur_teen_masturbation_webcam_dildo_solo"
        },
        {
            "rank": 33,
            "snippet": null,
            "timestamp": 1341894522,
            "title": "Amateur teen webcam homemade masturbation ...",
            "url": "http://www.xvideos.com/video1697527/amateur_teen_webcam_homemade_masturbation_solo"
        },
        {
            "rank": 34,
            "snippet": null,
            "timestamp": 1341894522,
            "title": "Amateur webcam masturbation teen solo hom ...",
            "url": "http://www.xvideos.com/video1697792/amateur_webcam_masturbation_teen_solo_homemade"
        },
        {
            "rank": 35,
            "snippet": null,
            "timestamp": 1341894522,
            "title": "Amateur teen homemade masturbation solo w ...",
            "url": "http://www.xvideos.com/video1700559/amateur_teen_homemade_masturbation_solo_webcam"
        },
        {
            "rank": 36,
            "snippet": null,
            "timestamp": 1341894522,
            "title": "Amateur teen masturbation webcam dildo solo",
            "url": "http://www.xvideos.com/video1700903/amateur_teen_masturbation_webcam_dildo_solo"
        }
    ],
    "timestamp": 1341894522,
    "url": "http://www.xvideos.com:80/?k=solo&sort=relevance&durf=1-3min&datef=all"
}
