{
    "interpreted_query": "kutyaplya",
    "offset": null,
    "page": null,
    "query": "kutyaplya",
    "results": [
        {
            "rank": 1,
            "snippet": "\u041f\u0440\u0438\u0432\u0435\u0442! \u041c\u0435\u043d\u044f \u0437\u043e\u0432\u0443\u0442 \u0414\u0430\u0448\u0430. \u0420\u0430\u0434\u0430 \u043a\u0430\u0436\u0434\u043e\u043c\u0443, \u043a\u0442\u043e \u0437\u0430\u0445\u043e\u0434\u0438\u0442 \u043d\u0430 \u043a\u0430\u043d\u0430\u043b. \u0422\u0443\u0442 \u044f \u0432\u044b\u043a\u043b\u0430\u0434\u044b\u0432\u0430\u044e \u0432\u0438\u0434\u0435\u043e \u0441 \u043c\u043e\u0438\u043c\u0438 \u0438\u0433\u0440\u043e\u0432\u044b\u043c\u0438 \u043f\u043e\u0445\u043e\u0436\u0434\u0435\u043d...",
            "timestamp": 1561171748,
            "title": "Kutyaplya - \u041a\u0430\u043d\u0430\u043b",
            "url": "https://www.youtube.com/channel/UCGWediZlc3a2tTDL3LsR75g"
        },
        {
            "rank": 2,
            "snippet": "\u0413\u0440\u0443\u043f\u043f\u0430 \u0432 vk: https://vk.com/public171912891. \u041c\u0443\u0437\u044b\u043a\u0430 \u0438\u0437 \u0432\u0438\u0434\u0435\u043e: 2nd Life - Lowkey.",
            "timestamp": 1561171748,
            "title": "\u0412 \u043f\u043e\u0438\u0441\u043a\u0430\u0445 \u043c\u0443\u0436\u0430 - \u041f\u0440\u043e\u0434\u043e\u043b\u0436\u0438\u0442\u0435\u043b\u044c\u043d\u043e\u0441\u0442\u044c: 10:21",
            "url": "https://www.youtube.com/watch?v=_JXlrTDps4o"
        },
        {
            "rank": 3,
            "snippet": "\u0418\u0433\u0440\u0430\u0442\u044c \u0432 War Thunder \u0431\u0435\u0441\u043f\u043b\u0430\u0442\u043d\u043e - https://wtpub.ru/<em>Kutyaplya</em>. \u0413\u0440\u0443\u043f\u043f\u0430 \u0432 vk: https://vk.com/public171912891. \u041c\u0443\u0437\u044b\u043a\u0430...",
            "timestamp": 1561171748,
            "title": "\u041a\u0430\u0441\u0441\u0438\u0440\u0448\u0430 \u0441 \u043e\u043f\u044b\u0442\u043e\u043c - \u041f\u0440\u043e\u0434\u043e\u043b\u0436\u0438\u0442\u0435\u043b\u044c\u043d\u043e\u0441\u0442\u044c: 11:54",
            "url": "https://www.youtube.com/watch?v=KPYCc2rYtbQ"
        },
        {
            "rank": 4,
            "snippet": "\u0413\u0440\u0443\u043f\u043f\u0430 \u0432 vk: https://vk.com/public171912891. \u041c\u0443\u0437\u044b\u043a\u0430 \u0438\u0437 \u0432\u0438\u0434\u0435\u043e: 2nd Life &amp; Calli Boom - In The Dark. \u0418\u0433\u0440\u0430\u043b\u0430 \u0441: \u0422\u043e\u0448\u0438\u043a...",
            "timestamp": 1561171748,
            "title": "\u041a\u0430\u043a \u043d\u0430\u0441\u043c\u0435\u0448\u0438\u0442\u044c \u0442\u0443\u0440\u043a\u0430 - \u041f\u0440\u043e\u0434\u043e\u043b\u0436\u0438\u0442\u0435\u043b\u044c\u043d\u043e\u0441\u0442\u044c: 9:49",
            "url": "https://www.youtube.com/watch?v=s2eFhD3wDeM"
        },
        {
            "rank": 5,
            "snippet": "\u0413\u0440\u0443\u043f\u043f\u0430 \u0432 vk: https://vk.com/public171912891. \u041c\u0443\u0437\u044b\u043a\u0430 \u0438\u0437 \u0432\u0438\u0434\u0435\u043e: Summer Was Fun &amp; Laura Brehm - Prism. \u0418\u0433\u0440\u0430\u043b\u0430 \u0441: https://www.",
            "timestamp": 1561171748,
            "title": "\u0413\u0435\u043d\u0435\u0440\u0430\u043b\u044c\u043d\u0430\u044f \u0443\u0431\u043e\u0440\u043a\u0430 - \u041f\u0440\u043e\u0434\u043e\u043b\u0436\u0438\u0442\u0435\u043b\u044c\u043d\u043e\u0441\u0442\u044c: 11:41",
            "url": "https://www.youtube.com/watch?v=6ksCeB6TRnA"
        },
        {
            "rank": 6,
            "snippet": null,
            "timestamp": 1561171748,
            "title": "\u0411\u043e\u043b\u044c\u0448\u0430\u044f \u0437\u0430\u0434\u043d\u0438\u0446\u0430 (Far cry new dawn) - \u041f\u0440\u043e\u0434\u043e\u043b\u0436\u0438\u0442\u0435\u043b\u044c\u043d\u043e\u0441\u0442\u044c: 6:01",
            "url": "https://www.youtube.com/watch?v=uufYWepQnAg"
        },
        {
            "rank": 7,
            "snippet": "\u0413\u0440\u0443\u043f\u043f\u0430 \u0432 vk: https://vk.com/public171912891. \u041c\u0443\u0437\u044b\u043a\u0430 \u0438\u0437 \u0432\u0438\u0434\u0435\u043e: 2nd Life &amp; SDMS - Redemption KC &amp; THE SUNSHINE BAND\u00a0...",
            "timestamp": 1561171748,
            "title": "\u0414\u0435\u0432\u0443\u0448\u043a\u0430\u043c \u043d\u0435 \u043c\u0435\u0441\u0442\u043e \u0432 CS:GO - \u041f\u0440\u043e\u0434\u043e\u043b\u0436\u0438\u0442\u0435\u043b\u044c\u043d\u043e\u0441\u0442\u044c: 10:04",
            "url": "https://www.youtube.com/watch?v=gDUy7arB1e4"
        },
        {
            "rank": 8,
            "snippet": null,
            "timestamp": 1561171748,
            "title": "\u0420\u043e\u0431\u0438\u043d\u0437\u043e\u043d\u044b (The Forest, PUBG) - \u041f\u0440\u043e\u0434\u043e\u043b\u0436\u0438\u0442\u0435\u043b\u044c\u043d\u043e\u0441\u0442\u044c: 8:59",
            "url": "https://www.youtube.com/watch?v=2a6RAc-gsJA"
        },
        {
            "rank": 9,
            "snippet": "\u0413\u0440\u0443\u043f\u043f\u0430 \u0432 vk: https://vk.com/public171912891. \u041c\u0443\u0437\u044b\u043a\u0430 \u0438\u0437 \u0432\u0438\u0434\u0435\u043e: Andromedik - With Me. \u0418\u0433\u0440\u0430\u043b\u0430 \u0441: \u0422\u043e\u0448\u0438\u043a: https://www...",
            "timestamp": 1561171748,
            "title": "\u041f\u0440\u0435\u043a\u0440\u0430\u0441\u043d\u044b\u0439 \u0442\u0430\u0439\u043c\u0438\u043d\u0433 (Far cry) - \u041f\u0440\u043e\u0434\u043e\u043b\u0436\u0438\u0442\u0435\u043b\u044c\u043d\u043e\u0441\u0442\u044c: 8:53",
            "url": "https://www.youtube.com/watch?v=FQUVm9xdemQ"
        },
        {
            "rank": 10,
            "snippet": "\u0413\u0440\u0443\u043f\u043f\u0430 \u0432 vk: https://vk.com/public171912891. \u041c\u0443\u0437\u044b\u043a\u0430 \u0438\u0437 \u0432\u0438\u0434\u0435\u043e: Koven - Never Have I Felt This. \u0418\u0433\u0440\u0430\u043b\u0430 \u0441: \u0414\u0430\u0448\u0430...",
            "timestamp": 1561171748,
            "title": "\u0416\u0435\u043d\u0441\u043a\u0430\u044f \u043a\u043e\u043c\u0430\u043d\u0434\u0430 CS:GO - \u041f\u0440\u043e\u0434\u043e\u043b\u0436\u0438\u0442\u0435\u043b\u044c\u043d\u043e\u0441\u0442\u044c: 7:11",
            "url": "https://www.youtube.com/watch?v=TB2M9TpY5bo"
        },
        {
            "rank": 11,
            "snippet": "\u0413\u0440\u0443\u043f\u043f\u0430 \u0432 vk: https://vk.com/public171912891. \u041c\u0443\u0437\u044b\u043a\u0430 \u0438\u0437 \u0432\u0438\u0434\u0435\u043e: NIVIRO - Get My Love. \u0418\u0433\u0440\u0430\u043b\u0430 \u0441: \u0422\u043e\u0448\u0438\u043a: https://www.y...",
            "timestamp": 1561171748,
            "title": "\u041f\u043b\u0430\u043d \u043f\u043e\u0431\u0435\u0433\u0430 (Apex Legends, RUST, PUBG) - \u041f\u0440\u043e\u0434\u043e\u043b\u0436\u0438\u0442\u0435\u043b\u044c\u043d\u043e\u0441\u0442\u044c: 11:54",
            "url": "https://www.youtube.com/watch?v=IkZoluGDWnc"
        },
        {
            "rank": 12,
            "snippet": "\u0413\u0440\u0443\u043f\u043f\u0430 \u0432 vk: https://vk.com/public171912891. \u041c\u0443\u0437\u044b\u043a\u0430 \u0438\u0437 \u0432\u0438\u0434\u0435\u043e: 2nd Life &amp; SDMS - Redemption KC &amp; THE SUNSHINE BAND\u00a0...",
            "timestamp": 1561171748,
            "title": "\u0414\u0435\u0432\u0443\u0448\u043a\u0430\u043c \u043d\u0435 \u043c\u0435\u0441\u0442\u043e \u0432 CS:GO - \u041f\u0440\u043e\u0434\u043e\u043b\u0436\u0438\u0442\u0435\u043b\u044c\u043d\u043e\u0441\u0442\u044c: 10:04",
            "url": "https://www.youtube.com/watch?v=gDUy7arB1e4"
        },
        {
            "rank": 13,
            "snippet": "\u0413\u0440\u0443\u043f\u043f\u0430 \u0432 vk: https://vk.com/public171912891. \u041c\u0443\u0437\u044b\u043a\u0430 \u0438\u0437 \u0432\u0438\u0434\u0435\u043e: Summer Was Fun &amp; Laura Brehm - Prism. \u0418\u0433\u0440\u0430\u043b\u0430 \u0441: https://www.",
            "timestamp": 1561171748,
            "title": "\u0413\u0435\u043d\u0435\u0440\u0430\u043b\u044c\u043d\u0430\u044f \u0443\u0431\u043e\u0440\u043a\u0430 - \u041f\u0440\u043e\u0434\u043e\u043b\u0436\u0438\u0442\u0435\u043b\u044c\u043d\u043e\u0441\u0442\u044c: 11:41",
            "url": "https://www.youtube.com/watch?v=6ksCeB6TRnA"
        },
        {
            "rank": 14,
            "snippet": "\u041d\u0415 \u0417\u0410\u0411\u0423\u0414\u042c \u041f\u041e\u0414\u041f\u0418\u0421\u0410\u0422\u042c\u0421\u042f, \u041f\u041e\u0421\u0422\u0410\u0412\u0418\u0422\u042c \u041b\u0410\u0419\u041a, \u041a\u041e\u041b\u041e\u041a\u041e\u041b\u042c\u0427\u0418\u041a \u0422\u0410\u041c, \u041d\u0423 \u0427\u0415 \u0422\u042b \u041a\u0410\u041a \u041d\u0415 \u0421\u0412\u041e\u0419 \u0401\u041c\u0410\u0401  :D\u0422\u0430\u043a \u0436\u0435 \u0437\u0430\u0433\u043b\u044f\u0434\u044b\u0432\u0430\u0439 \u0432 \u043c\u043e\u044e...",
            "timestamp": 1561171748,
            "title": "PUBGSTEP \u0412 \u0414\u0415\u041b\u0415 \ud83c\udfa7 - \u041f\u0440\u043e\u0434\u043e\u043b\u0436\u0438\u0442\u0435\u043b\u044c\u043d\u043e\u0441\u0442\u044c: 10:38",
            "url": "https://www.youtube.com/watch?v=FGmoquL5zq4"
        },
        {
            "rank": 15,
            "snippet": "\u0414\u0435\u0442\u0430\u043b\u044c\u043d\u044b\u0439 \u0430\u043d\u0430\u043b\u0438\u0437 \u0432\u0441\u0435\u0445 \u0442\u0432\u043e\u0438\u0445 \u0438\u0433\u0440 \u0431\u0435\u0441\u043f\u043b\u0430\u0442\u043d\u043e, \u0436\u043c\u0438: https://gosu.ai/s/<em>kutyaplya</em>. \u0413\u0440\u0443\u043f\u043f\u0430: https://vk.com/public171912891...",
            "timestamp": 1561171748,
            "title": "\u0422\u0440\u0430\u0433\u0438\u0447\u043d\u044b\u0439 \u043a\u043e\u043d\u0435\u0446 (PUBG) - \u041f\u0440\u043e\u0434\u043e\u043b\u0436\u0438\u0442\u0435\u043b\u044c\u043d\u043e\u0441\u0442\u044c: 10:08",
            "url": "https://www.youtube.com/watch?v=H47Gul2WCZo"
        },
        {
            "rank": 16,
            "snippet": "\u0413\u0440\u0443\u043f\u043f\u0430 \u0432 vk: https://vk.com/public171912891. \u041c\u0443\u0437\u044b\u043a\u0430 \u0438\u0437 \u0432\u0438\u0434\u0435\u043e: Julius Dreisig &amp; Zeus X Crona - Invisible. \u0418\u0433\u0440\u0430\u043b\u0430 \u0441:...",
            "timestamp": 1561171748,
            "title": "\u0411\u043e\u043b\u044c\u0448\u0430\u044f \u0437\u0430\u0434\u043d\u0438\u0446\u0430 (Far cry new dawn) - \u041f\u0440\u043e\u0434\u043e\u043b\u0436\u0438\u0442\u0435\u043b\u044c\u043d\u043e\u0441\u0442\u044c: 6:01",
            "url": "https://www.youtube.com/watch?v=uufYWepQnAg"
        },
        {
            "rank": 17,
            "snippet": "\u0413\u0440\u0443\u043f\u043f\u0430 \u0432 vk: https://vk.com/public171912891. \u041c\u0443\u0437\u044b\u043a\u0430 \u0438\u0437 \u0432\u0438\u0434\u0435\u043e: Koven - Never Have I Felt This. \u0418\u0433\u0440\u0430\u043b\u0430 \u0441: \u0414\u0430\u0448\u0430...",
            "timestamp": 1561171748,
            "title": "\u0416\u0435\u043d\u0441\u043a\u0430\u044f \u043a\u043e\u043c\u0430\u043d\u0434\u0430 CS:GO - \u041f\u0440\u043e\u0434\u043e\u043b\u0436\u0438\u0442\u0435\u043b\u044c\u043d\u043e\u0441\u0442\u044c: 7:11",
            "url": "https://www.youtube.com/watch?v=TB2M9TpY5bo"
        },
        {
            "rank": 18,
            "snippet": "\u0441\u0441\u044b\u043b\u043a\u0430 \u043d\u0430 \u043a\u0430\u043d\u0430\u043b \u0437\u0430\u0445\u043e\u0434\u0438\u0442\u0435 \u0438 \u043f\u043e\u0434\u043f\u0438\u0441\u044b\u0432\u0430\u0439\u0442\u0435\u0441\u044c https://www.youtube.com/channel/UC1IjIDUIbzf80yX-ugD807w.",
            "timestamp": 1561171748,
            "title": "\u0421\u0430\u043c\u044b\u0439 \u0443\u0433\u0430\u0440\u043d\u044b\u0439 \u0441\u0442\u0440\u0438\u043c \u0441 JulyWolf , MARMOK \u0438 JOHAN - \u041f\u0440\u043e\u0434\u043e\u043b\u0436\u0438\u0442\u0435\u043b\u044c\u043d\u043e\u0441\u0442\u044c: 8:09",
            "url": "https://www.youtube.com/watch?v=HK1bMeFfZq0"
        },
        {
            "rank": 19,
            "snippet": "\u0413\u0440\u0443\u043f\u043f\u0430 \u0432 vk: https://vk.com/public171912891. \u041c\u0443\u0437\u044b\u043a\u0430 \u0438\u0437 \u0432\u0438\u0434\u0435\u043e: 2nd Life &amp; Calli Boom - In The Dark. \u0418\u0433\u0440\u0430\u043b\u0430 \u0441: \u0422\u043e\u0448\u0438\u043a...",
            "timestamp": 1561171748,
            "title": "\u041a\u0430\u043a \u043d\u0430\u0441\u043c\u0435\u0448\u0438\u0442\u044c \u0442\u0443\u0440\u043a\u0430 - \u041f\u0440\u043e\u0434\u043e\u043b\u0436\u0438\u0442\u0435\u043b\u044c\u043d\u043e\u0441\u0442\u044c: 9:49",
            "url": "https://www.youtube.com/watch?v=s2eFhD3wDeM"
        },
        {
            "rank": 20,
            "snippet": "\u0413\u0440\u0443\u043f\u043f\u0430 \u0432 \u0432\u043a: https://vk.com/public171912891. \u0412 \u044d\u0442\u043e\u043c \u0432\u0438\u0434\u0435\u043e \u044f \u043d\u0430\u0433\u043b\u044f\u0434\u043d\u043e \u0432\u0430\u043c \u043f\u043e\u043a\u0430\u0436\u0443 \u0441\u0432\u043e\u0439 \u043f\u0440\u043e\u0444\u0435\u0441\u0441\u0438\u043e\u043d\u0430\u043b...",
            "timestamp": 1561171748,
            "title": "\u041d\u0435 \u043f\u0443\u0441\u043a\u0430\u0439\u0442\u0435 \u0434\u0435\u0432\u0443\u0448\u0435\u043a \u0432 CS:GO (CS:GO, PUBG) - \u041f\u0440\u043e\u0434\u043e\u043b\u0436\u0438\u0442\u0435\u043b\u044c\u043d\u043e\u0441\u0442\u044c: 10:27",
            "url": "https://www.youtube.com/watch?v=gVme2Ivbjck"
        },
        {
            "rank": 21,
            "snippet": "\u25bc \u041a\u041e\u041d\u041e\u041f\u0410\u0422\u042b\u0419 \u0412 \u0421\u041e\u0426\u0418\u0410\u041b\u042c\u041d\u042b\u0425 \u0421\u0415\u0422\u042f\u0425:\u25cf \u0421\u0442\u0440\u0430\u043d\u0438\u0446\u0430 \u0412\u043a\u043e\u043d\u0442\u0430\u043a\u0442\u0435: https://vk.com/konopat\u25cf \u0413\u0440\u0443\u043f\u043f\u0430 \u0412\u043a\u043e\u043d\u0442\u0430\u043a\u0442\u0435: https://vk.com ...",
            "timestamp": 1561171748,
            "title": "\u2714\ufe0f \u0417\u043d\u0430\u043a\u043e\u043c\u0441\u0442\u0432\u043e \u0441 \u041c\u0430\u0440\u043c\u043e\u043a\u043e\u043c / \u0418\u0433\u0440\u043e\u043c\u0438\u0440 2018 / \u0414\u0435\u0432\u0443\u0448\u043a\u0430 [\u041e\u0442\u0432\u0435\u0442\u044b \u043d\u0430 \u0432\u043e\u043f\u0440\u043e\u0441\u044b] #1 - \u041f\u0440\u043e\u0434\u043e\u043b\u0436\u0438\u0442\u0435\u043b\u044c\u043d\u043e\u0441\u0442\u044c: 9:51",
            "url": "https://www.youtube.com/watch?v=ORLR_Mt_rfA"
        },
        {
            "rank": 22,
            "snippet": null,
            "timestamp": 1561171748,
            "title": "\u041a\u0430\u043a \u0438\u0441\u043f\u043e\u0440\u0442\u0438\u0442\u044c \u044d\u0439\u0441 \u0433\u0440\u0430\u043d\u0430\u0442\u043e\u0439 (CS:GO/PUBG) - \u041f\u0440\u043e\u0434\u043e\u043b\u0436\u0438\u0442\u0435\u043b\u044c\u043d\u043e\u0441\u0442\u044c: 4:31",
            "url": "https://www.youtube.com/watch?v=cWl5ndinyh8"
        },
        {
            "rank": 23,
            "snippet": "\u0414\u0435\u0442\u0430\u043b\u044c\u043d\u044b\u0439 \u0430\u043d\u0430\u043b\u0438\u0437 \u0432\u0441\u0435\u0445 \u0442\u0432\u043e\u0438\u0445 \u0438\u0433\u0440 \u0431\u0435\u0441\u043f\u043b\u0430\u0442\u043d\u043e, \u0436\u043c\u0438: https://gosu.ai/s/<em>kutyaplya</em>. \u0418\u0433\u0440\u044b \u0438\u0437 \u0432\u0438\u0434\u0435\u043e: CS:GO PUBG Raft sea of thieves\u00a0...",
            "timestamp": 1561171748,
            "title": "\u041c\u043e\u0440\u0441\u043a\u0430\u044f \u0436\u0438\u0437\u043d\u044c (mix) - \u041f\u0440\u043e\u0434\u043e\u043b\u0436\u0438\u0442\u0435\u043b\u044c\u043d\u043e\u0441\u0442\u044c: 12:20",
            "url": "https://www.youtube.com/watch?v=iLlMdIa9B7k"
        },
        {
            "rank": 24,
            "snippet": "\u0418\u043d\u0430\u0441\u0442\u0430\u0433\u0440\u0430\u043c \u041c\u0430\u0440\u043c\u043e\u043a\u0430 - https://www.instagram.com/mr.marmok/?hl=ru \u041c\u043e\u0439 2 \u043a\u0430\u043d\u0430\u043b RAMUS\u00a0...",
            "timestamp": 1561171748,
            "title": "\u0422\u041e\u041f 10 \u0424\u0430\u043a\u0442\u043e\u0432 \u043e \u041c\u0430\u0440\u043c\u043e\u043a\u0435 \u041a\u043e\u0442\u043e\u0440\u044b\u0435 \u0412\u044b \u041d\u0435 \u0417\u043d\u0430\u043b\u0438. Mr.Marmok Facts - \u041f\u0440\u043e\u0434\u043e\u043b\u0436\u0438\u0442\u0435\u043b\u044c\u043d\u043e\u0441\u0442\u044c: 5:24",
            "url": "https://www.youtube.com/watch?v=SxgBYBghybA"
        },
        {
            "rank": 25,
            "snippet": "\u0414\u0435\u0442\u0430\u043b\u044c\u043d\u044b\u0439 \u0430\u043d\u0430\u043b\u0438\u0437 \u0432\u0441\u0435\u0445 \u0442\u0432\u043e\u0438\u0445 \u0438\u0433\u0440 \u0431\u0435\u0441\u043f\u043b\u0430\u0442\u043d\u043e, \u0436\u043c\u0438: https://gosu.ai/s/<em>kutyaplya</em>. \u0413\u0440\u0443\u043f\u043f\u0430: https://vk.com/public17191289...",
            "timestamp": 1561171748,
            "title": "\u041b\u0443\u0447\u0448\u0430\u044f \u0442\u0430\u043a\u0442\u0438\u043a\u0430 (CS:GO) - \u041f\u0440\u043e\u0434\u043e\u043b\u0436\u0438\u0442\u0435\u043b\u044c\u043d\u043e\u0441\u0442\u044c: 7:02",
            "url": "https://www.youtube.com/watch?v=lYLJV4rbQNc"
        },
        {
            "rank": 26,
            "snippet": "\u0413\u0440\u0443\u043f\u043f\u0430 \u0432 vk: https://vk.com/public171912891. \u041c\u0443\u0437\u044b\u043a\u0430 \u0438\u0437 \u0432\u0438\u0434\u0435\u043e: Levianth feat. Maye - Lies. \u0418\u0433\u0440\u0430\u043b\u0430 \u0441: \u0414\u0430\u0448\u0430 (\u0434\u0435\u0432\u0443...",
            "timestamp": 1561171748,
            "title": "\u0420\u043e\u0431\u0438\u043d\u0437\u043e\u043d\u044b (The Forest, PUBG) - \u041f\u0440\u043e\u0434\u043e\u043b\u0436\u0438\u0442\u0435\u043b\u044c\u043d\u043e\u0441\u0442\u044c: 8:59",
            "url": "https://www.youtube.com/watch?v=2a6RAc-gsJA"
        },
        {
            "rank": 27,
            "snippet": "\u041f\u043e\u043a\u0443\u043f\u0430\u0439 \u0438\u043b\u0438 \u043e\u0431\u043c\u0435\u043d\u0438\u0432\u0430\u0439 \u0441\u043a\u0438\u043d\u044b cs:go - https://cs.money/?s=Konopat\u00a0...",
            "timestamp": 1561171748,
            "title": "\ud83c\udfc6 CS:GO - \u041c\u041e\u042f \u0416\u0415\u041d\u0421\u041a\u0410\u042f \u0422\u0418\u041c\u0410 [\u041f\u0443\u0442\u044c \u043a \u0433\u043b\u043e\u0431\u0430\u043b\u0443 / \u0444\u0440\u0430\u0433\u043c\u0443\u0432\u0438] #3 - \u041f\u0440\u043e\u0434\u043e\u043b\u0436\u0438\u0442\u0435\u043b\u044c\u043d\u043e\u0441\u0442\u044c: 16:05",
            "url": "https://www.youtube.com/watch?v=ZBy1oHXILZs"
        },
        {
            "rank": 28,
            "snippet": "\u0413\u0440\u0443\u043f\u043f\u0430 \u0432 vk: https://vk.com/public171912891. \u041c\u0443\u0437\u044b\u043a\u0430 \u0438\u0437 \u0432\u0438\u0434\u0435\u043e: Andromedik - With Me. \u0418\u0433\u0440\u0430\u043b\u0430 \u0441: \u0422\u043e\u0448\u0438\u043a: https://www...",
            "timestamp": 1561171748,
            "title": "\u041f\u0440\u0435\u043a\u0440\u0430\u0441\u043d\u044b\u0439 \u0442\u0430\u0439\u043c\u0438\u043d\u0433 (Far cry) - \u041f\u0440\u043e\u0434\u043e\u043b\u0436\u0438\u0442\u0435\u043b\u044c\u043d\u043e\u0441\u0442\u044c: 8:53",
            "url": "https://www.youtube.com/watch?v=FQUVm9xdemQ"
        },
        {
            "rank": 29,
            "snippet": "\u0413\u0440\u0443\u043f\u043f\u0430 \u0432 \u0432\u043a: https://vk.com/sodyan   \u2708   \u0418\u043d\u0441\u0442\u0430\u0433\u0440\u0430\u043c: http://instagram.com/ignatkril \u0422\u0432\u0438\u0447 \u043a\u0430\u043d\u0430\u043b: https://www.twitch.tv/ignat_kril\u00a0...",
            "timestamp": 1561171748,
            "title": "\u0418 \u041a\u0410\u0416\u0414\u042b\u0419 \u041f\u041e\u041b\u0415\u0422 \u041a\u0410\u041a \u0412 \u041f\u0415\u0420\u0412\u042b\u0419 \u0420\u0410\u0417 (PUBG) - \u041f\u0440\u043e\u0434\u043e\u043b\u0436\u0438\u0442\u0435\u043b\u044c\u043d\u043e\u0441\u0442\u044c: 8:18",
            "url": "https://www.youtube.com/watch?v=MScHulqQSqI"
        },
        {
            "rank": 30,
            "snippet": "\u0421\u0441\u044b\u043b\u043a\u0438 :: \u25b7   \u0413\u0440\u0443\u043f\u043f\u0430 \u0432 \u0432\u043a: https://vk.com/sodyan \u25b7   \u041c\u043e\u0439 \u0442\u0432\u0438\u0447 \u043a\u0430\u043d\u0430\u043b: https://www.twitch.tv/ignat_kril \u25b7   \u041c\u043e\u0439 \u0438\u043d\u0441\u0442\u0430\u0433\u0440\u0430\u043c:\u00a0...",
            "timestamp": 1561171748,
            "title": "\u041d\u0415 \u0412\u042b\u0421\u041e\u0412\u042b\u0412\u0410\u0419 \u0416\u041e\u041f\u0423 \u041d\u0410 \u0425\u041e\u0414\u0423! - (PUBG / Ring OF Elysium) - \u041f\u0440\u043e\u0434\u043e\u043b\u0436\u0438\u0442\u0435\u043b\u044c\u043d\u043e\u0441\u0442\u044c: 7:31",
            "url": "https://www.youtube.com/watch?v=bW-4xU0wcg0"
        }
    ],
    "timestamp": 1561171748,
    "url": "https://www.youtube.com/results?search_query=kutyaplya"
}
